../Core/Src/main.c:83:6:keyboard_function	8	static
../Core/Src/main.c:129:6:oled_show	24	static
../Core/Src/main.c:152:5:main	96	static
../Core/Src/main.c:213:6:SystemClock_Config	72	static
../Core/Src/main.c:253:13:MX_I2C1_Init	8	static
../Core/Src/main.c:287:13:MX_I2C2_Init	8	static
../Core/Src/main.c:321:13:MX_SPI1_Init	8	static
../Core/Src/main.c:359:13:MX_TIM1_Init	32	static
../Core/Src/main.c:405:13:MX_TIM8_Init	96	static
../Core/Src/main.c:484:13:MX_GPIO_Init	40	static
../Core/Src/main.c:540:6:HAL_TIM_PeriodElapsedCallback	40	static
../Core/Src/main.c:560:6:Error_Handler	4	static,ignoring_inline_asm
