../Core/Src/freertos.c:128:6:MX_FREERTOS_Init	8	static
../Core/Src/freertos.c:192:6:StartStateLED	16	static
../Core/Src/freertos.c:232:6:StartOledShow	16	static
../Core/Src/freertos.c:252:6:StartDcSamp	16	static
../Core/Src/freertos.c:273:6:StartUsartDebug	24	static
../Core/Src/freertos.c:295:6:StartACVContorl	16	static
../Core/Src/freertos.c:314:6:StartCircuitProtect	16	static
../Core/Src/freertos.c:340:6:appOLEDShow	24	static
../Core/Src/freertos.c:368:6:appTaskStackShow	184	static
../Core/Src/freertos.c:388:6:appACVControl	8	static
