../Mycode/oled_spi.c:19:6:OLED_WR_Byte	16	static
../Mycode/oled_spi.c:33:6:OLED_Set_Pos	16	static
../Mycode/oled_spi.c:40:6:OLED_Display_On	8	static
../Mycode/oled_spi.c:47:6:OLED_Display_Off	8	static
../Mycode/oled_spi.c:54:6:OLED_Clear	16	static
../Mycode/oled_spi.c:72:6:OLED_ShowChar	24	static
../Mycode/oled_spi.c:98:10:oled_pow	24	static
../Mycode/oled_spi.c:111:6:OLED_ShowNum	24	static
../Mycode/oled_spi.c:132:6:OLED_ShowString	24	static
../Mycode/oled_spi.c:148:6:OLED_ShowCHinese	24	static
../Mycode/oled_spi.c:165:6:OLED_DrawBMP	32	static
../Mycode/oled_spi.c:185:6:OLED_Init	8	static
