../MyCode/oled_spi/oled_spi.c:19:6:OLED_WR_Byte	16	static
../MyCode/oled_spi/oled_spi.c:34:6:OLED_Set_Pos	16	static
../MyCode/oled_spi/oled_spi.c:41:6:OLED_Display_On	8	static
../MyCode/oled_spi/oled_spi.c:48:6:OLED_Display_Off	8	static
../MyCode/oled_spi/oled_spi.c:58:6:OLED_Clear	16	static
../MyCode/oled_spi/oled_spi.c:74:6:OLED_Clear_Row	24	static
../MyCode/oled_spi/oled_spi.c:91:6:OLED_ShowChar	24	static
../MyCode/oled_spi/oled_spi.c:118:10:oled_pow	24	static
../MyCode/oled_spi/oled_spi.c:134:6:OLED_ShowNum	24	static
../MyCode/oled_spi/oled_spi.c:162:6:OLED_ShowString	24	static
../MyCode/oled_spi/oled_spi.c:184:6:OLED_ShowCHinese	24	static
../MyCode/oled_spi/oled_spi.c:209:6:OLED_DrawBMP	32	static
../MyCode/oled_spi/oled_spi.c:232:6:OLED_Init	8	static
