../MyCode/oled_spi/oled_spi.c:19:6:OLED_WR_Byte	16	static
../MyCode/oled_spi/oled_spi.c:34:7:OLED_Set_Pos	16	static
../MyCode/oled_spi/oled_spi.c:41:6:OLED_Display_On	8	static
../MyCode/oled_spi/oled_spi.c:48:6:OLED_Display_Off	8	static
../MyCode/oled_spi/oled_spi.c:58:6:OLED_Clear	16	static
../MyCode/oled_spi/oled_spi.c:76:6:OLED_ShowChar	24	static
../MyCode/oled_spi/oled_spi.c:98:10:oled_pow	24	static
../MyCode/oled_spi/oled_spi.c:113:6:OLED_ShowNum	24	static
../MyCode/oled_spi/oled_spi.c:139:6:OLED_ShowString	24	static
../MyCode/oled_spi/oled_spi.c:156:6:OLED_ShowCHinese	24	static
../MyCode/oled_spi/oled_spi.c:181:6:OLED_DrawBMP	32	static
../MyCode/oled_spi/oled_spi.c:201:6:OLED_Init	8	static
