../Mycode/oled_spi.c:18:6:OLED_WR_Byte	16	static
../Mycode/oled_spi.c:33:7:OLED_Set_Pos	16	static
../Mycode/oled_spi.c:40:6:OLED_Display_On	8	static
../Mycode/oled_spi.c:47:6:OLED_Display_Off	8	static
../Mycode/oled_spi.c:57:6:OLED_Clear	16	static
../Mycode/oled_spi.c:75:6:OLED_ShowChar	24	static
../Mycode/oled_spi.c:97:10:oled_pow	24	static
../Mycode/oled_spi.c:112:6:OLED_ShowNum	24	static
../Mycode/oled_spi.c:138:6:OLED_ShowString	24	static
../Mycode/oled_spi.c:155:6:OLED_ShowCHinese	24	static
../Mycode/oled_spi.c:180:6:OLED_DrawBMP	32	static
../Mycode/oled_spi.c:200:6:OLED_Init	8	static
