../Mycode/oled_spi.c:20:6:OLED_WR_Byte	16	static
../Mycode/oled_spi.c:35:7:OLED_Set_Pos	16	static
../Mycode/oled_spi.c:42:6:OLED_Display_On	8	static
../Mycode/oled_spi.c:49:6:OLED_Display_Off	8	static
../Mycode/oled_spi.c:59:6:OLED_Clear	16	static
../Mycode/oled_spi.c:77:6:OLED_ShowChar	24	static
../Mycode/oled_spi.c:99:10:oled_pow	24	static
../Mycode/oled_spi.c:114:6:OLED_ShowNum	24	static
../Mycode/oled_spi.c:140:6:OLED_ShowString	24	static
../Mycode/oled_spi.c:157:6:OLED_ShowCHinese	24	static
../Mycode/oled_spi.c:182:6:OLED_DrawBMP	32	static
../Mycode/oled_spi.c:202:6:OLED_Init	8	static
