../User/Src/oled.c:40:6:OLED_ColorTurn	16	static
../User/Src/oled.c:56:6:OLED_DisplayTurn	16	static
../User/Src/oled.c:75:6:OLED_WR_Byte	24	static
../User/Src/oled.c:93:6:OLED_DisPlay_On	8	static
../User/Src/oled.c:103:6:OLED_DisPlay_Off	8	static
../User/Src/oled.c:113:6:OLED_Refresh	16	static
../User/Src/oled.c:129:6:OLED_Clear	16	static
../User/Src/oled.c:147:6:OLED_DrawPoint	24	static
../User/Src/oled.c:161:6:OLED_ClearPoint	24	static
../User/Src/oled.c:179:6:OLED_DrawLine	32	static
../User/Src/oled.c:217:6:OLED_DrawSquare	24	static
../User/Src/oled.c:231:6:OLED_DrawCircle	32	static
../User/Src/oled.c:266:6:OLED_ShowChar	32	static
../User/Src/oled.c:313:6:OLED_ShowString	16	static
../User/Src/oled.c:333:10:OLED_Pow	24	static
../User/Src/oled.c:351:6:OLED_ShowNum	24	static
../User/Src/oled.c:377:6:OLED_ShowChinese	32	static
../User/Src/oled.c:433:6:OLED_ScrollDisplay	32	static
../User/Src/oled.c:479:6:OLED_WR_BP	16	static
../User/Src/oled.c:495:6:OLED_Showdecimal	48	static
../User/Src/oled.c:549:6:OLED_ShowPicture	32	static
../User/Src/oled.c:572:6:OLED_Printf	16	static
../User/Src/oled.c:582:6:OLED_Init	8	static
