../Core/Src/main.c:66:8:data_conversion	32	static
../Core/Src/main.c:79:5:main	120	static
../Core/Src/main.c:141:6:SystemClock_Config	72	static
../Core/Src/main.c:183:13:MX_I2C1_Init	8	static
../Core/Src/main.c:217:13:MX_USART1_UART_Init	8	static
../Core/Src/main.c:250:13:MX_GPIO_Init	24	static
e:\software\stm32cubeide_1.12.0\stm32cubeide\plugins\com.st.stm32cube.ide.mcu.externaltools.gnu-tools-for-stm32.10.3-2021.10.win32_1.0.200.202301161003\tools\arm-none-eabi\include\stdio.h:214:5:fputc	16	static
../Core/Src/main.c:277:6:Error_Handler	4	static,ignoring_inline_asm
