../MyCode/TFTLCD/tftlcd.c:43:13:LCD_Gpio_Init	8	static
../MyCode/TFTLCD/tftlcd.c:61:13:LCD_SPI_Send	16	static
../MyCode/TFTLCD/tftlcd.c:88:13:LCD_Write_Cmd	16	static
../MyCode/TFTLCD/tftlcd.c:101:13:LCD_Write_Data	16	static
../MyCode/TFTLCD/tftlcd.c:114:6:LCD_Write_HalfWord	24	static
../MyCode/TFTLCD/tftlcd.c:134:6:LCD_Address_Set	24	static
../MyCode/TFTLCD/tftlcd.c:158:6:LCD_DisplayOn	8	static
../MyCode/TFTLCD/tftlcd.c:169:6:LCD_DisplayOff	8	static
../MyCode/TFTLCD/tftlcd.c:181:6:LCD_Clear	24	static
../MyCode/TFTLCD/tftlcd.c:214:6:LCD_Fill	40	static
../MyCode/TFTLCD/tftlcd.c:263:6:LCD_Draw_Point	16	static
../MyCode/TFTLCD/tftlcd.c:276:6:LCD_Draw_ColorPoint	16	static
../MyCode/TFTLCD/tftlcd.c:290:6:LCD_DrawLine	72	static
../MyCode/TFTLCD/tftlcd.c:370:6:LCD_DrawRectangle	24	static
../MyCode/TFTLCD/tftlcd.c:386:6:LCD_Draw_Circle	32	static
../MyCode/TFTLCD/tftlcd.c:427:6:LCD_ShowChar	32	static
../MyCode/TFTLCD/tftlcd.c:510:17:LCD_Pow	24	static
../MyCode/TFTLCD/tftlcd.c:529:6:LCD_ShowNum	32	static
../MyCode/TFTLCD/tftlcd.c:566:6:LCD_ShowxNum	32	static
../MyCode/TFTLCD/tftlcd.c:605:6:LCD_ShowString	32	static
../MyCode/TFTLCD/tftlcd.c:640:6:LCD_Show_Image	24	static
../MyCode/TFTLCD/tftlcd.c:661:6:Display_ALIENTEK_LOGO	24	static
../MyCode/TFTLCD/tftlcd.c:673:7:LCD_Init	8	static
