Archive member included to satisfy reference by file (symbol)

e:/software/stm32cubeide_1.12.0/stm32cubeide/plugins/com.st.stm32cube.ide.mcu.externaltools.gnu-tools-for-stm32.10.3-2021.10.win32_1.0.200.202301161003/tools/bin/../lib/gcc/arm-none-eabi/10.3.1/../../../../arm-none-eabi/lib/thumb/v7e-m+fp/hard\libc_nano.a(lib_a-errno.o)
                              ./Core/Src/syscalls.o (__errno)
e:/software/stm32cubeide_1.12.0/stm32cubeide/plugins/com.st.stm32cube.ide.mcu.externaltools.gnu-tools-for-stm32.10.3-2021.10.win32_1.0.200.202301161003/tools/bin/../lib/gcc/arm-none-eabi/10.3.1/../../../../arm-none-eabi/lib/thumb/v7e-m+fp/hard\libc_nano.a(lib_a-exit.o)
                              e:/software/stm32cubeide_1.12.0/stm32cubeide/plugins/com.st.stm32cube.ide.mcu.externaltools.gnu-tools-for-stm32.10.3-2021.10.win32_1.0.200.202301161003/tools/bin/../lib/gcc/arm-none-eabi/10.3.1/../../../../arm-none-eabi/lib/thumb/v7e-m+fp/hard/crt0.o (exit)
e:/software/stm32cubeide_1.12.0/stm32cubeide/plugins/com.st.stm32cube.ide.mcu.externaltools.gnu-tools-for-stm32.10.3-2021.10.win32_1.0.200.202301161003/tools/bin/../lib/gcc/arm-none-eabi/10.3.1/../../../../arm-none-eabi/lib/thumb/v7e-m+fp/hard\libc_nano.a(lib_a-impure.o)
                              e:/software/stm32cubeide_1.12.0/stm32cubeide/plugins/com.st.stm32cube.ide.mcu.externaltools.gnu-tools-for-stm32.10.3-2021.10.win32_1.0.200.202301161003/tools/bin/../lib/gcc/arm-none-eabi/10.3.1/../../../../arm-none-eabi/lib/thumb/v7e-m+fp/hard\libc_nano.a(lib_a-exit.o) (_global_impure_ptr)
e:/software/stm32cubeide_1.12.0/stm32cubeide/plugins/com.st.stm32cube.ide.mcu.externaltools.gnu-tools-for-stm32.10.3-2021.10.win32_1.0.200.202301161003/tools/bin/../lib/gcc/arm-none-eabi/10.3.1/../../../../arm-none-eabi/lib/thumb/v7e-m+fp/hard\libc_nano.a(lib_a-init.o)
                              e:/software/stm32cubeide_1.12.0/stm32cubeide/plugins/com.st.stm32cube.ide.mcu.externaltools.gnu-tools-for-stm32.10.3-2021.10.win32_1.0.200.202301161003/tools/bin/../lib/gcc/arm-none-eabi/10.3.1/../../../../arm-none-eabi/lib/thumb/v7e-m+fp/hard/crt0.o (__libc_init_array)
e:/software/stm32cubeide_1.12.0/stm32cubeide/plugins/com.st.stm32cube.ide.mcu.externaltools.gnu-tools-for-stm32.10.3-2021.10.win32_1.0.200.202301161003/tools/bin/../lib/gcc/arm-none-eabi/10.3.1/../../../../arm-none-eabi/lib/thumb/v7e-m+fp/hard\libc_nano.a(lib_a-memset.o)
                              e:/software/stm32cubeide_1.12.0/stm32cubeide/plugins/com.st.stm32cube.ide.mcu.externaltools.gnu-tools-for-stm32.10.3-2021.10.win32_1.0.200.202301161003/tools/bin/../lib/gcc/arm-none-eabi/10.3.1/../../../../arm-none-eabi/lib/thumb/v7e-m+fp/hard/crt0.o (memset)
e:/software/stm32cubeide_1.12.0/stm32cubeide/plugins/com.st.stm32cube.ide.mcu.externaltools.gnu-tools-for-stm32.10.3-2021.10.win32_1.0.200.202301161003/tools/bin/../lib/gcc/arm-none-eabi/10.3.1/thumb/v7e-m+fp/hard\libgcc.a(_arm_muldf3.o)
                              ./MyCode/ina238.o (__aeabi_dmul)
e:/software/stm32cubeide_1.12.0/stm32cubeide/plugins/com.st.stm32cube.ide.mcu.externaltools.gnu-tools-for-stm32.10.3-2021.10.win32_1.0.200.202301161003/tools/bin/../lib/gcc/arm-none-eabi/10.3.1/thumb/v7e-m+fp/hard\libgcc.a(_arm_addsubdf3.o)
                              ./MyCode/ina238.o (__aeabi_dsub)
e:/software/stm32cubeide_1.12.0/stm32cubeide/plugins/com.st.stm32cube.ide.mcu.externaltools.gnu-tools-for-stm32.10.3-2021.10.win32_1.0.200.202301161003/tools/bin/../lib/gcc/arm-none-eabi/10.3.1/thumb/v7e-m+fp/hard\libgcc.a(_arm_muldivdf3.o)
                              ./MyCode/ina238.o (__aeabi_ddiv)
e:/software/stm32cubeide_1.12.0/stm32cubeide/plugins/com.st.stm32cube.ide.mcu.externaltools.gnu-tools-for-stm32.10.3-2021.10.win32_1.0.200.202301161003/tools/bin/../lib/gcc/arm-none-eabi/10.3.1/thumb/v7e-m+fp/hard\libgcc.a(_arm_cmpdf2.o)
                              ./MyCode/ina238.o (__aeabi_dcmpgt)
e:/software/stm32cubeide_1.12.0/stm32cubeide/plugins/com.st.stm32cube.ide.mcu.externaltools.gnu-tools-for-stm32.10.3-2021.10.win32_1.0.200.202301161003/tools/bin/../lib/gcc/arm-none-eabi/10.3.1/thumb/v7e-m+fp/hard\libgcc.a(_arm_truncdfsf2.o)
                              ./MyCode/pidPlus.o (__aeabi_d2f)
e:/software/stm32cubeide_1.12.0/stm32cubeide/plugins/com.st.stm32cube.ide.mcu.externaltools.gnu-tools-for-stm32.10.3-2021.10.win32_1.0.200.202301161003/tools/bin/../lib/gcc/arm-none-eabi/10.3.1/thumb/v7e-m+fp/hard\libgcc.a(_aeabi_uldivmod.o)
                              ./Drivers/STM32F4xx_HAL_Driver/Src/stm32f4xx_hal_rcc.o (__aeabi_uldivmod)
e:/software/stm32cubeide_1.12.0/stm32cubeide/plugins/com.st.stm32cube.ide.mcu.externaltools.gnu-tools-for-stm32.10.3-2021.10.win32_1.0.200.202301161003/tools/bin/../lib/gcc/arm-none-eabi/10.3.1/thumb/v7e-m+fp/hard\libgcc.a(_udivmoddi4.o)
[...]
Memory Configuration

Name             Origin             Length             Attributes
CCMRAM           0x0000000010000000 0x0000000000010000 xrw
RAM              0x0000000020000000 0x0000000000020000 xrw
FLASH            0x0000000008000000 0x0000000000100000 xr
*default*        0x0000000000000000 0xffffffffffffffff

Linker script and memory map

LOAD e:/software/stm32cubeide_1.12.0/stm32cubeide/plugins/com.st.stm32cube.ide.mcu.externaltools.gnu-tools-for-stm32.10.3-2021.10.win32_1.0.200.202301161003/tools/bin/../lib/gcc/arm-none-eabi/10.3.1/thumb/v7e-m+fp/hard/crti.o
LOAD e:/software/stm32cubeide_1.12.0/stm32cubeide/plugins/com.st.stm32cube.ide.mcu.externaltools.gnu-tools-for-stm32.10.3-2021.10.win32_1.0.200.202301161003/tools/bin/../lib/gcc/arm-none-eabi/10.3.1/thumb/v7e-m+fp/hard/crtbegin.o
LOAD e:/software/stm32cubeide_1.12.0/stm32cubeide/plugins/com.st.stm32cube.ide.mcu.externaltools.gnu-tools-for-stm32.10.3-2021.10.win32_1.0.200.202301161003/tools/bin/../lib/gcc/arm-none-eabi/10.3.1/../../../../arm-none-eabi/lib/thumb/v7e-m+fp/hard/crt0.o
LOAD ./Core/Src/gpio.o
LOAD ./Core/Src/i2c.o
LOAD ./Core/Src/main.o
LOAD ./Core/Src/spi.o
LOAD ./Core/Src/stm32f4xx_hal_msp.o
LOAD ./Core/Src/stm32f4xx_it.o
LOAD ./Core/Src/syscalls.o
LOAD ./Core/Src/sysmem.o
LOAD ./Core/Src/system_stm32f4xx.o
LOAD ./Core/Src/tim.o
LOAD ./Core/Startup/startup_stm32f407zgtx.o
LOAD ./Drivers/STM32F4xx_HAL_Driver/Src/stm32f4xx_hal.o
LOAD ./Drivers/STM32F4xx_HAL_Driver/Src/stm32f4xx_hal_cortex.o
LOAD ./Drivers/STM32F4xx_HAL_Driver/Src/stm32f4xx_hal_dma.o
LOAD ./Drivers/STM32F4xx_HAL_Driver/Src/stm32f4xx_hal_dma_ex.o
LOAD ./Drivers/STM32F4xx_HAL_Driver/Src/stm32f4xx_hal_exti.o
LOAD ./Drivers/STM32F4xx_HAL_Driver/Src/stm32f4xx_hal_flash.o
LOAD ./Drivers/STM32F4xx_HAL_Driver/Src/stm32f4xx_hal_flash_ex.o
LOAD ./Drivers/STM32F4xx_HAL_Driver/Src/stm32f4xx_hal_flash_ramfunc.o
LOAD ./Drivers/STM32F4xx_HAL_Driver/Src/stm32f4xx_hal_gpio.o
LOAD ./Drivers/STM32F4xx_HAL_Driver/Src/stm32f4xx_hal_i2c.o
LOAD ./Drivers/STM32F4xx_HAL_Driver/Src/stm32f4xx_hal_i2c_ex.o
LOAD ./Drivers/STM32F4xx_HAL_Driver/Src/stm32f4xx_hal_pwr.o
LOAD ./Drivers/STM32F4xx_HAL_Driver/Src/stm32f4xx_hal_pwr_ex.o
LOAD ./Drivers/STM32F4xx_HAL_Driver/Src/stm32f4xx_hal_rcc.o
LOAD ./Drivers/STM32F4xx_HAL_Driver/Src/stm32f4xx_hal_rcc_ex.o
LOAD ./Drivers/STM32F4xx_HAL_Driver/Src/stm32f4xx_hal_spi.o
LOAD ./Drivers/STM32F4xx_HAL_Driver/Src/stm32f4xx_hal_tim.o
LOAD ./Drivers/STM32F4xx_HAL_Driver/Src/stm32f4xx_hal_tim_ex.o
LOAD ./MyCode/ina238.o
LOAD ./MyCode/oled_spi.o
LOAD ./MyCode/pidPlus.o
START GROUP
LOAD e:/software/stm32cubeide_1.12.0/stm32cubeide/plugins/com.st.stm32cube.ide.mcu.externaltools.gnu-tools-for-stm32.10.3-2021.10.win32_1.0.200.202301161003/tools/bin/../lib/gcc/arm-none-eabi/10.3.1/../../../../arm-none-eabi/lib/thumb/v7e-m+fp/hard\libc_nano.a
LOAD e:/software/stm32cubeide_1.12.0/stm32cubeide/plugins/com.st.stm32cube.ide.mcu.externaltools.gnu-tools-for-stm32.10.3-2021.10.win32_1.0.200.202301161003/tools/bin/../lib/gcc/arm-none-eabi/10.3.1/../../../../arm-none-eabi/lib/thumb/v7e-m+fp/hard\libm.a
END GROUP
START GROUP
LOAD e:/software/stm32cubeide_1.12.0/stm32cubeide/plugins/com.st.stm32cube.ide.mcu.externaltools.gnu-tools-for-stm32.10.3-2021.10.win32_1.0.200.202301161003/tools/bin/../lib/gcc/arm-none-eabi/10.3.1/thumb/v7e-m+fp/hard\libgcc.a
LOAD e:/software/stm32cubeide_1.12.0/stm32cubeide/plugins/com.st.stm32cube.ide.mcu.externaltools.gnu-tools-for-stm32.10.3-2021.10.win32_1.0.200.202301161003/tools/bin/../lib/gcc/arm-none-eabi/10.3.1/../../../../arm-none-eabi/lib/thumb/v7e-m+fp/hard\libc_nano.a
END GROUP
START GROUP
LOAD e:/software/stm32cubeide_1.12.0/stm32cubeide/plugins/com.st.stm32cube.ide.mcu.externaltools.gnu-tools-for-stm32.10.3-2021.10.win32_1.0.200.202301161003/tools/bin/../lib/gcc/arm-none-eabi/10.3.1/thumb/v7e-m+fp/hard\libgcc.a
LOAD e:/software/stm32cubeide_1.12.0/stm32cubeide/plugins/com.st.stm32cube.ide.mcu.externaltools.gnu-tools-for-stm32.10.3-2021.10.win32_1.0.200.202301161003/tools/bin/../lib/gcc/arm-none-eabi/10.3.1/../../../../arm-none-eabi/lib/thumb/v7e-m+fp/hard\libc_nano.a
LOAD e:/software/stm32cubeide_1.12.0/stm32cubeide/plugins/com.st.stm32cube.ide.mcu.externaltools.gnu-tools-for-stm32.10.3-2021.10.win32_1.0.200.202301161003/tools/bin/../lib/gcc/arm-none-eabi/10.3.1/../../../../arm-none-eabi/lib/thumb/v7e-m+fp/hard\libnosys.a
END GROUP
START GROUP
LOAD e:/software/stm32cubeide_1.12.0/stm32cubeide/plugins/com.st.stm32cube.ide.mcu.externaltools.gnu-tools-for-stm32.10.3-2021.10.win32_1.0.200.202301161003/tools/bin/../lib/gcc/arm-none-eabi/10.3.1/thumb/v7e-m+fp/hard\libgcc.a
LOAD e:/software/stm32cubeide_1.12.0/stm32cubeide/plugins/com.st.stm32cube.ide.mcu.externaltools.gnu-tools-for-stm32.10.3-2021.10.win32_1.0.200.202301161003/tools/bin/../lib/gcc/arm-none-eabi/10.3.1/../../../../arm-none-eabi/lib/thumb/v7e-m+fp/hard\libc_nano.a
LOAD e:/software/stm32cubeide_1.12.0/stm32cubeide/plugins/com.st.stm32cube.ide.mcu.externaltools.gnu-tools-for-stm32.10.3-2021.10.win32_1.0.200.202301161003/tools/bin/../lib/gcc/arm-none-eabi/10.3.1/../../../../arm-none-eabi/lib/thumb/v7e-m+fp/hard\libnosys.a
END GROUP
LOAD e:/software/stm32cubeide_1.12.0/stm32cubeide/plugins/com.st.stm32cube.ide.mcu.externaltools.gnu-tools-for-stm32.10.3-2021.10.win32_1.0.200.202301161003/tools/bin/../lib/gcc/arm-none-eabi/10.3.1/thumb/v7e-m+fp/hard/crtend.o
LOAD e:/software/stm32cubeide_1.12.0/stm32cubeide/plugins/com.st.stm32cube.ide.mcu.externaltools.gnu-tools-for-stm32.10.3-2021.10.win32_1.0.200.202301161003/tools/bin/../lib/gcc/arm-none-eabi/10.3.1/thumb/v7e-m+fp/hard/crtn.o
                0x0000000020020000                _estack = (ORIGIN (RAM) + LENGTH (RAM))
                0x0000000000000200                _Min_Heap_Size = 0x200
                0x0000000000000400                _Min_Stack_Size = 0x400

.isr_vector     0x0000000008000000      0x188
                0x0000000008000000                . = ALIGN (0x4)
 *(.isr_vector)
 .isr_vector    0x0000000008000000      0x188 ./Core/Startup/startup_stm32f407zgtx.o
                0x0000000008000000                g_pfnVectors
                0x0000000008000188                . = ALIGN (0x4)

.text           0x0000000008000188     0x2538
                0x0000000008000188                . = ALIGN (0x4)
 *(.text)
 .text          0x0000000008000188       0x40 e:/software/stm32cubeide_1.12.0/stm32cubeide/plugins/com.st.stm32cube.ide.mcu.externaltools.gnu-tools-for-stm32.10.3-2021.10.win32_1.0.200.202301161003/tools/bin/../lib/gcc/arm-none-eabi/10.3.1/thumb/v7e-m+fp/hard/crtbegin.o
 .text          0x00000000080001c8       0x30 e:/software/stm32cubeide_1.12.0/stm32cubeide/plugins/com.st.stm32cube.ide.mcu.externaltools.gnu-tools-for-stm32.10.3-2021.10.win32_1.0.200.202301161003/tools/bin/../lib/gcc/arm-none-eabi/10.3.1/thumb/v7e-m+fp/hard\libgcc.a(_aeabi_uldivmod.o)
                0x00000000080001c8                __aeabi_uldivmod
 .text          0x00000000080001f8      0x2d0 e:/software/stm32cubeide_1.12.0/stm32cubeide/plugins/com.st.stm32cube.ide.mcu.externaltools.gnu-tools-for-stm32.10.3-2021.10.win32_1.0.200.202301161003/tools/bin/../lib/gcc/arm-none-eabi/10.3.1/thumb/v7e-m+fp/hard\libgcc.a(_udivmoddi4.o)
                0x00000000080001f8                __udivmoddi4
 .text          0x00000000080004c8        0x4 e:/software/stm32cubeide_1.12.0/stm32cubeide/plugins/com.st.stm32cube.ide.mcu.externaltools.gnu-tools-for-stm32.10.3-2021.10.win32_1.0.200.202301161003/tools/bin/../lib/gcc/arm-none-eabi/10.3.1/thumb/v7e-m+fp/hard\libgcc.a(_dvmd_tls.o)
                0x00000000080004c8                __aeabi_idiv0
                0x00000000080004c8                __aeabi_ldiv0
 *(.text*)
 .text.MX_GPIO_Init
                0x00000000080004cc      0x130 ./Core/Src/gpio.o
                0x00000000080004cc                MX_GPIO_Init
 .text.MX_I2C1_Init
                0x00000000080005fc       0x5c ./Core/Src/i2c.o
                0x00000000080005fc                MX_I2C1_Init
 .text.HAL_I2C_MspInit
                0x0000000008000658       0x90 ./Core/Src/i2c.o
                0x0000000008000658                HAL_I2C_MspInit
 .text.main     0x00000000080006e8       0x1e ./Core/Src/main.o
                0x00000000080006e8                main
 *fill*         0x0000000008000706        0x2 
 .text.SystemClock_Config
                0x0000000008000708       0xd4 ./Core/Src/main.o
                0x0000000008000708                SystemClock_Config
 .text.Error_Handler
                0x00000000080007dc        0xa ./Core/Src/main.o
                0x00000000080007dc                Error_Handler
 *fill*         0x00000000080007e6        0x2 
 .text.MX_SPI1_Init
                0x00000000080007e8       0x6c ./Core/Src/spi.o
                0x00000000080007e8                MX_SPI1_Init
 .text.HAL_SPI_MspInit
                0x0000000008000854       0x90 ./Core/Src/spi.o
                0x0000000008000854                HAL_SPI_MspInit
 .text.HAL_MspInit
                0x00000000080008e4       0x50 ./Core/Src/stm32f4xx_hal_msp.o
                0x00000000080008e4                HAL_MspInit
 .text.NMI_Handler
                0x0000000008000934        0x6 ./Core/Src/stm32f4xx_it.o
                0x0000000008000934                NMI_Handler
 .text.HardFault_Handler
                0x000000000800093a        0x6 ./Core/Src/stm32f4xx_it.o
                0x000000000800093a                HardFault_Handler
 .text.MemManage_Handler
                0x0000000008000940        0x6 ./Core/Src/stm32f4xx_it.o
                0x0000000008000940                MemManage_Handler
 .text.BusFault_Handler
                0x0000000008000946        0x6 ./Core/Src/stm32f4xx_it.o
                0x0000000008000946                BusFault_Handler
 .text.UsageFault_Handler
                0x000000000800094c        0x6 ./Core/Src/stm32f4xx_it.o
                0x000000000800094c                UsageFault_Handler
 .text.SVC_Handler
                0x0000000008000952        0xe ./Core/Src/stm32f4xx_it.o
                0x0000000008000952                SVC_Handler
 .text.DebugMon_Handler
                0x0000000008000960        0xe ./Core/Src/stm32f4xx_it.o
                0x0000000008000960                DebugMon_Handler
 .text.PendSV_Handler
                0x000000000800096e        0xe ./Core/Src/stm32f4xx_it.o
                0x000000000800096e                PendSV_Handler
 .text.SysTick_Handler
                0x000000000800097c        0xc ./Core/Src/stm32f4xx_it.o
                0x000000000800097c                SysTick_Handler
 .text.TIM1_UP_TIM10_IRQHandler
                0x0000000008000988       0x14 ./Core/Src/stm32f4xx_it.o
                0x0000000008000988                TIM1_UP_TIM10_IRQHandler
 .text.SystemInit
                0x000000000800099c       0x24 ./Core/Src/system_stm32f4xx.o
                0x000000000800099c                SystemInit
 .text.MX_TIM1_Init
                0x00000000080009c0       0xa0 ./Core/Src/tim.o
                0x00000000080009c0                MX_TIM1_Init
 .text.HAL_TIM_Base_MspInit
                0x0000000008000a60       0x50 ./Core/Src/tim.o
                0x0000000008000a60                HAL_TIM_Base_MspInit
 .text.Reset_Handler
                0x0000000008000ab0       0x50 ./Core/Startup/startup_stm32f407zgtx.o
                0x0000000008000ab0                Reset_Handler
 .text.Default_Handler
                0x0000000008000b00        0x2 ./Core/Startup/startup_stm32f407zgtx.o
                0x0000000008000b00                RTC_Alarm_IRQHandler
                0x0000000008000b00                HASH_RNG_IRQHandler
                0x0000000008000b00                EXTI2_IRQHandler
                0x0000000008000b00                TIM8_CC_IRQHandler
                0x0000000008000b00                TIM1_CC_IRQHandler
                0x0000000008000b00                DMA2_Stream5_IRQHandler
                0x0000000008000b00                DMA1_Stream5_IRQHandler
                0x0000000008000b00                PVD_IRQHandler
                0x0000000008000b00                SDIO_IRQHandler
                0x0000000008000b00                TAMP_STAMP_IRQHandler
                0x0000000008000b00                CAN2_RX1_IRQHandler
                0x0000000008000b00                EXTI3_IRQHandler
                0x0000000008000b00                TIM8_TRG_COM_TIM14_IRQHandler
                0x0000000008000b00                TIM8_UP_TIM13_IRQHandler
                0x0000000008000b00                I2C3_ER_IRQHandler
                0x0000000008000b00                EXTI0_IRQHandler
                0x0000000008000b00                I2C2_EV_IRQHandler
                0x0000000008000b00                DMA1_Stream2_IRQHandler
                0x0000000008000b00                CAN1_RX0_IRQHandler
                0x0000000008000b00                FPU_IRQHandler
                0x0000000008000b00                OTG_HS_WKUP_IRQHandler
                0x0000000008000b00                CAN2_SCE_IRQHandler
                0x0000000008000b00                DMA2_Stream2_IRQHandler
                0x0000000008000b00                SPI1_IRQHandler
                0x0000000008000b00                TIM6_DAC_IRQHandler
                0x0000000008000b00                TIM1_BRK_TIM9_IRQHandler
                0x0000000008000b00                DCMI_IRQHandler
                0x0000000008000b00                CAN2_RX0_IRQHandler
                0x0000000008000b00                DMA2_Stream3_IRQHandler
                0x0000000008000b00                USART6_IRQHandler
                0x0000000008000b00                USART3_IRQHandler
                0x0000000008000b00                CAN1_RX1_IRQHandler
                0x0000000008000b00                UART5_IRQHandler
                0x0000000008000b00                DMA2_Stream0_IRQHandler
                0x0000000008000b00                TIM4_IRQHandler
                0x0000000008000b00                I2C1_EV_IRQHandler
                0x0000000008000b00                DMA1_Stream6_IRQHandler
                0x0000000008000b00                DMA1_Stream1_IRQHandler
                0x0000000008000b00                UART4_IRQHandler
                0x0000000008000b00                TIM3_IRQHandler
                0x0000000008000b00                RCC_IRQHandler
                0x0000000008000b00                TIM8_BRK_TIM12_IRQHandler
                0x0000000008000b00                Default_Handler
                0x0000000008000b00                EXTI15_10_IRQHandler
                0x0000000008000b00                ADC_IRQHandler
                0x0000000008000b00                DMA1_Stream7_IRQHandler
                0x0000000008000b00                TIM7_IRQHandler
                0x0000000008000b00                CAN2_TX_IRQHandler
                0x0000000008000b00                TIM5_IRQHandler
                0x0000000008000b00                DMA2_Stream7_IRQHandler
                0x0000000008000b00                I2C3_EV_IRQHandler
                0x0000000008000b00                EXTI9_5_IRQHandler
                0x0000000008000b00                RTC_WKUP_IRQHandler
                0x0000000008000b00                ETH_WKUP_IRQHandler
                0x0000000008000b00                SPI2_IRQHandler
                0x0000000008000b00                OTG_HS_EP1_IN_IRQHandler
                0x0000000008000b00                DMA1_Stream0_IRQHandler
                0x0000000008000b00                CAN1_TX_IRQHandler
                0x0000000008000b00                EXTI4_IRQHandler
                0x0000000008000b00                FSMC_IRQHandler
                0x0000000008000b00                ETH_IRQHandler
                0x0000000008000b00                OTG_HS_EP1_OUT_IRQHandler
                0x0000000008000b00                WWDG_IRQHandler
                0x0000000008000b00                TIM2_IRQHandler
                0x0000000008000b00                OTG_FS_WKUP_IRQHandler
                0x0000000008000b00                TIM1_TRG_COM_TIM11_IRQHandler
                0x0000000008000b00                OTG_HS_IRQHandler
                0x0000000008000b00                EXTI1_IRQHandler
                0x0000000008000b00                USART2_IRQHandler
                0x0000000008000b00                I2C2_ER_IRQHandler
                0x0000000008000b00                DMA2_Stream1_IRQHandler
                0x0000000008000b00                CAN1_SCE_IRQHandler
                0x0000000008000b00                FLASH_IRQHandler
                0x0000000008000b00                DMA2_Stream4_IRQHandler
                0x0000000008000b00                USART1_IRQHandler
                0x0000000008000b00                OTG_FS_IRQHandler
                0x0000000008000b00                SPI3_IRQHandler
                0x0000000008000b00                DMA1_Stream4_IRQHandler
                0x0000000008000b00                I2C1_ER_IRQHandler
                0x0000000008000b00                DMA2_Stream6_IRQHandler
                0x0000000008000b00                DMA1_Stream3_IRQHandler
 *fill*         0x0000000008000b02        0x2 
 .text.HAL_Init
                0x0000000008000b04       0x44 ./Drivers/STM32F4xx_HAL_Driver/Src/stm32f4xx_hal.o
                0x0000000008000b04                HAL_Init
 .text.HAL_InitTick
                0x0000000008000b48       0x60 ./Drivers/STM32F4xx_HAL_Driver/Src/stm32f4xx_hal.o
                0x0000000008000b48                HAL_InitTick
 .text.HAL_IncTick
                0x0000000008000ba8       0x28 ./Drivers/STM32F4xx_HAL_Driver/Src/stm32f4xx_hal.o
                0x0000000008000ba8                HAL_IncTick
 .text.HAL_GetTick
                0x0000000008000bd0       0x18 ./Drivers/STM32F4xx_HAL_Driver/Src/stm32f4xx_hal.o
                0x0000000008000bd0                HAL_GetTick
 .text.__NVIC_SetPriorityGrouping
                0x0000000008000be8       0x48 ./Drivers/STM32F4xx_HAL_Driver/Src/stm32f4xx_hal_cortex.o
 .text.__NVIC_GetPriorityGrouping
                0x0000000008000c30       0x1c ./Drivers/STM32F4xx_HAL_Driver/Src/stm32f4xx_hal_cortex.o
 .text.__NVIC_EnableIRQ
                0x0000000008000c4c       0x3c ./Drivers/STM32F4xx_HAL_Driver/Src/stm32f4xx_hal_cortex.o
 .text.__NVIC_SetPriority
                0x0000000008000c88       0x54 ./Drivers/STM32F4xx_HAL_Driver/Src/stm32f4xx_hal_cortex.o
 .text.NVIC_EncodePriority
                0x0000000008000cdc       0x66 ./Drivers/STM32F4xx_HAL_Driver/Src/stm32f4xx_hal_cortex.o
 *fill*         0x0000000008000d42        0x2 
 .text.SysTick_Config
                0x0000000008000d44       0x44 ./Drivers/STM32F4xx_HAL_Driver/Src/stm32f4xx_hal_cortex.o
 .text.HAL_NVIC_SetPriorityGrouping
                0x0000000008000d88       0x16 ./Drivers/STM32F4xx_HAL_Driver/Src/stm32f4xx_hal_cortex.o
                0x0000000008000d88                HAL_NVIC_SetPriorityGrouping
 .text.HAL_NVIC_SetPriority
                0x0000000008000d9e       0x38 ./Drivers/STM32F4xx_HAL_Driver/Src/stm32f4xx_hal_cortex.o
                0x0000000008000d9e                HAL_NVIC_SetPriority
 .text.HAL_NVIC_EnableIRQ
                0x0000000008000dd6       0x1c ./Drivers/STM32F4xx_HAL_Driver/Src/stm32f4xx_hal_cortex.o
                0x0000000008000dd6                HAL_NVIC_EnableIRQ
 .text.HAL_SYSTICK_Config
                0x0000000008000df2       0x18 ./Drivers/STM32F4xx_HAL_Driver/Src/stm32f4xx_hal_cortex.o
                0x0000000008000df2                HAL_SYSTICK_Config
 *fill*         0x0000000008000e0a        0x2 
 .text.HAL_GPIO_Init
                0x0000000008000e0c      0x338 ./Drivers/STM32F4xx_HAL_Driver/Src/stm32f4xx_hal_gpio.o
                0x0000000008000e0c                HAL_GPIO_Init
 .text.HAL_GPIO_WritePin
                0x0000000008001144       0x32 ./Drivers/STM32F4xx_HAL_Driver/Src/stm32f4xx_hal_gpio.o
                0x0000000008001144                HAL_GPIO_WritePin
 *fill*         0x0000000008001176        0x2 
 .text.HAL_I2C_Init
                0x0000000008001178      0x288 ./Drivers/STM32F4xx_HAL_Driver/Src/stm32f4xx_hal_i2c.o
                0x0000000008001178                HAL_I2C_Init
 .text.HAL_RCC_OscConfig
                0x0000000008001400      0x4f0 ./Drivers/STM32F4xx_HAL_Driver/Src/stm32f4xx_hal_rcc.o
                0x0000000008001400                HAL_RCC_OscConfig
 .text.HAL_RCC_ClockConfig
                0x00000000080018f0      0x1cc ./Drivers/STM32F4xx_HAL_Driver/Src/stm32f4xx_hal_rcc.o
                0x00000000080018f0                HAL_RCC_ClockConfig
 .text.HAL_RCC_GetSysClockFreq
                0x0000000008001abc      0x20c ./Drivers/STM32F4xx_HAL_Driver/Src/stm32f4xx_hal_rcc.o
                0x0000000008001abc                HAL_RCC_GetSysClockFreq
 .text.HAL_RCC_GetHCLKFreq
                0x0000000008001cc8       0x18 ./Drivers/STM32F4xx_HAL_Driver/Src/stm32f4xx_hal_rcc.o
                0x0000000008001cc8                HAL_RCC_GetHCLKFreq
 .text.HAL_RCC_GetPCLK1Freq
                0x0000000008001ce0       0x28 ./Drivers/STM32F4xx_HAL_Driver/Src/stm32f4xx_hal_rcc.o
                0x0000000008001ce0                HAL_RCC_GetPCLK1Freq
 .text.HAL_SPI_Init
                0x0000000008001d08      0x112 ./Drivers/STM32F4xx_HAL_Driver/Src/stm32f4xx_hal_spi.o
                0x0000000008001d08                HAL_SPI_Init
 .text.HAL_TIM_Base_Init
                0x0000000008001e1a       0x9e ./Drivers/STM32F4xx_HAL_Driver/Src/stm32f4xx_hal_tim.o
                0x0000000008001e1a                HAL_TIM_Base_Init
 .text.HAL_TIM_IRQHandler
                0x0000000008001eb8      0x210 ./Drivers/STM32F4xx_HAL_Driver/Src/stm32f4xx_hal_tim.o
                0x0000000008001eb8                HAL_TIM_IRQHandler
 .text.HAL_TIM_ConfigClockSource
                0x00000000080020c8      0x18e ./Drivers/STM32F4xx_HAL_Driver/Src/stm32f4xx_hal_tim.o
                0x00000000080020c8                HAL_TIM_ConfigClockSource
 .text.HAL_TIM_PeriodElapsedCallback
                0x0000000008002256       0x14 ./Drivers/STM32F4xx_HAL_Driver/Src/stm32f4xx_hal_tim.o
                0x0000000008002256                HAL_TIM_PeriodElapsedCallback
 .text.HAL_TIM_OC_DelayElapsedCallback
                0x000000000800226a       0x14 ./Drivers/STM32F4xx_HAL_Driver/Src/stm32f4xx_hal_tim.o
                0x000000000800226a                HAL_TIM_OC_DelayElapsedCallback
 .text.HAL_TIM_IC_CaptureCallback
                0x000000000800227e       0x14 ./Drivers/STM32F4xx_HAL_Driver/Src/stm32f4xx_hal_tim.o
                0x000000000800227e                HAL_TIM_IC_CaptureCallback
 .text.HAL_TIM_PWM_PulseFinishedCallback
                0x0000000008002292       0x14 ./Drivers/STM32F4xx_HAL_Driver/Src/stm32f4xx_hal_tim.o
                0x0000000008002292                HAL_TIM_PWM_PulseFinishedCallback
 .text.HAL_TIM_TriggerCallback
                0x00000000080022a6       0x14 ./Drivers/STM32F4xx_HAL_Driver/Src/stm32f4xx_hal_tim.o
                0x00000000080022a6                HAL_TIM_TriggerCallback
 *fill*         0x00000000080022ba        0x2 
 .text.TIM_Base_SetConfig
                0x00000000080022bc      0x140 ./Drivers/STM32F4xx_HAL_Driver/Src/stm32f4xx_hal_tim.o
                0x00000000080022bc                TIM_Base_SetConfig
 .text.TIM_TI1_ConfigInputStage
                0x00000000080023fc       0x5e ./Drivers/STM32F4xx_HAL_Driver/Src/stm32f4xx_hal_tim.o
 .text.TIM_TI2_ConfigInputStage
                0x000000000800245a       0x60 ./Drivers/STM32F4xx_HAL_Driver/Src/stm32f4xx_hal_tim.o
 .text.TIM_ITRx_SetConfig
                0x00000000080024ba       0x36 ./Drivers/STM32F4xx_HAL_Driver/Src/stm32f4xx_hal_tim.o
 .text.TIM_ETR_SetConfig
                0x00000000080024f0       0x40 ./Drivers/STM32F4xx_HAL_Driver/Src/stm32f4xx_hal_tim.o
                0x00000000080024f0                TIM_ETR_SetConfig
 .text.HAL_TIMEx_MasterConfigSynchronization
                0x0000000008002530       0xf8 ./Drivers/STM32F4xx_HAL_Driver/Src/stm32f4xx_hal_tim_ex.o
                0x0000000008002530                HAL_TIMEx_MasterConfigSynchronization
 .text.HAL_TIMEx_CommutCallback
                0x0000000008002628       0x14 ./Drivers/STM32F4xx_HAL_Driver/Src/stm32f4xx_hal_tim_ex.o
                0x0000000008002628                HAL_TIMEx_CommutCallback
 .text.HAL_TIMEx_BreakCallback
                0x000000000800263c       0x14 ./Drivers/STM32F4xx_HAL_Driver/Src/stm32f4xx_hal_tim_ex.o
                0x000000000800263c                HAL_TIMEx_BreakCallback
 .text.__libc_init_array
                0x0000000008002650       0x48 e:/software/stm32cubeide_1.12.0/stm32cubeide/plugins/com.st.stm32cube.ide.mcu.externaltools.gnu-tools-for-stm32.10.3-2021.10.win32_1.0.200.202301161003/tools/bin/../lib/gcc/arm-none-eabi/10.3.1/../../../../arm-none-eabi/lib/thumb/v7e-m+fp/hard\libc_nano.a(lib_a-init.o)
                0x0000000008002650                __libc_init_array
 .text.memset   0x0000000008002698       0x10 e:/software/stm32cubeide_1.12.0/stm32cubeide/plugins/com.st.stm32cube.ide.mcu.externaltools.gnu-tools-for-stm32.10.3-2021.10.win32_1.0.200.202301161003/tools/bin/../lib/gcc/arm-none-eabi/10.3.1/../../../../arm-none-eabi/lib/thumb/v7e-m+fp/hard\libc_nano.a(lib_a-memset.o)
                0x0000000008002698                memset
 *(.glue_7)
 .glue_7        0x00000000080026a8        0x0 linker stubs
 *(.glue_7t)
 .glue_7t       0x00000000080026a8        0x0 linker stubs
 *(.eh_frame)
 .eh_frame      0x00000000080026a8        0x0 e:/software/stm32cubeide_1.12.0/stm32cubeide/plugins/com.st.stm32cube.ide.mcu.externaltools.gnu-tools-for-stm32.10.3-2021.10.win32_1.0.200.202301161003/tools/bin/../lib/gcc/arm-none-eabi/10.3.1/thumb/v7e-m+fp/hard/crtbegin.o
 *(.init)
 .init          0x00000000080026a8        0x4 e:/software/stm32cubeide_1.12.0/stm32cubeide/plugins/com.st.stm32cube.ide.mcu.externaltools.gnu-tools-for-stm32.10.3-2021.10.win32_1.0.200.202301161003/tools/bin/../lib/gcc/arm-none-eabi/10.3.1/thumb/v7e-m+fp/hard/crti.o
                0x00000000080026a8                _init
 .init          0x00000000080026ac        0x8 e:/software/stm32cubeide_1.12.0/stm32cubeide/plugins/com.st.stm32cube.ide.mcu.externaltools.gnu-tools-for-stm32.10.3-2021.10.win32_1.0.200.202301161003/tools/bin/../lib/gcc/arm-none-eabi/10.3.1/thumb/v7e-m+fp/hard/crtn.o
 *(.fini)
 .fini          0x00000000080026b4        0x4 e:/software/stm32cubeide_1.12.0/stm32cubeide/plugins/com.st.stm32cube.ide.mcu.externaltools.gnu-tools-for-stm32.10.3-2021.10.win32_1.0.200.202301161003/tools/bin/../lib/gcc/arm-none-eabi/10.3.1/thumb/v7e-m+fp/hard/crti.o
                0x00000000080026b4                _fini
 .fini          0x00000000080026b8        0x8 e:/software/stm32cubeide_1.12.0/stm32cubeide/plugins/com.st.stm32cube.ide.mcu.externaltools.gnu-tools-for-stm32.10.3-2021.10.win32_1.0.200.202301161003/tools/bin/../lib/gcc/arm-none-eabi/10.3.1/thumb/v7e-m+fp/hard/crtn.o
                0x00000000080026c0                . = ALIGN (0x4)
                0x00000000080026c0                _etext = .

.vfp11_veneer   0x00000000080026c0        0x0
 .vfp11_veneer  0x00000000080026c0        0x0 linker stubs

.v4_bx          0x00000000080026c0        0x0
 .v4_bx         0x00000000080026c0        0x0 linker stubs

.iplt           0x00000000080026c0        0x0
 .iplt          0x00000000080026c0        0x0 e:/software/stm32cubeide_1.12.0/stm32cubeide/plugins/com.st.stm32cube.ide.mcu.externaltools.gnu-tools-for-stm32.10.3-2021.10.win32_1.0.200.202301161003/tools/bin/../lib/gcc/arm-none-eabi/10.3.1/thumb/v7e-m+fp/hard/crtbegin.o

.rodata         0x00000000080026c0       0x18
                0x00000000080026c0                . = ALIGN (0x4)
 *(.rodata)
 *(.rodata*)
 .rodata.AHBPrescTable
                0x00000000080026c0       0x10 ./Core/Src/system_stm32f4xx.o
                0x00000000080026c0                AHBPrescTable
 .rodata.APBPrescTable
                0x00000000080026d0        0x8 ./Core/Src/system_stm32f4xx.o
                0x00000000080026d0                APBPrescTable
                0x00000000080026d8                . = ALIGN (0x4)

.ARM.extab      0x00000000080026d8        0x0
                0x00000000080026d8                . = ALIGN (0x4)
 *(.ARM.extab* .gnu.linkonce.armextab.*)
                0x00000000080026d8                . = ALIGN (0x4)

.ARM            0x00000000080026d8        0x8
                0x00000000080026d8                . = ALIGN (0x4)
                0x00000000080026d8                __exidx_start = .
 *(.ARM.exidx*)
 .ARM.exidx     0x00000000080026d8        0x8 e:/software/stm32cubeide_1.12.0/stm32cubeide/plugins/com.st.stm32cube.ide.mcu.externaltools.gnu-tools-for-stm32.10.3-2021.10.win32_1.0.200.202301161003/tools/bin/../lib/gcc/arm-none-eabi/10.3.1/thumb/v7e-m+fp/hard\libgcc.a(_udivmoddi4.o)
                0x00000000080026e0                __exidx_end = .
                0x00000000080026e0                . = ALIGN (0x4)

.rel.dyn        0x00000000080026e0        0x0
 .rel.iplt      0x00000000080026e0        0x0 e:/software/stm32cubeide_1.12.0/stm32cubeide/plugins/com.st.stm32cube.ide.mcu.externaltools.gnu-tools-for-stm32.10.3-2021.10.win32_1.0.200.202301161003/tools/bin/../lib/gcc/arm-none-eabi/10.3.1/thumb/v7e-m+fp/hard/crtbegin.o

.preinit_array  0x00000000080026e0        0x0
                0x00000000080026e0                . = ALIGN (0x4)
                0x00000000080026e0                PROVIDE (__preinit_array_start = .)
 *(.preinit_array*)
                0x00000000080026e0                PROVIDE (__preinit_array_end = .)
                0x00000000080026e0                . = ALIGN (0x4)

.init_array     0x00000000080026e0        0x4
                0x00000000080026e0                . = ALIGN (0x4)
                0x00000000080026e0                PROVIDE (__init_array_start = .)
 *(SORT_BY_NAME(.init_array.*))
 *(.init_array*)
 .init_array    0x00000000080026e0        0x4 e:/software/stm32cubeide_1.12.0/stm32cubeide/plugins/com.st.stm32cube.ide.mcu.externaltools.gnu-tools-for-stm32.10.3-2021.10.win32_1.0.200.202301161003/tools/bin/../lib/gcc/arm-none-eabi/10.3.1/thumb/v7e-m+fp/hard/crtbegin.o
                0x00000000080026e4                PROVIDE (__init_array_end = .)
                0x00000000080026e4                . = ALIGN (0x4)

.fini_array     0x00000000080026e4        0x4
                0x00000000080026e4                . = ALIGN (0x4)
                [!provide]                        PROVIDE (__fini_array_start = .)
 *(SORT_BY_NAME(.fini_array.*))
 *(.fini_array*)
 .fini_array    0x00000000080026e4        0x4 e:/software/stm32cubeide_1.12.0/stm32cubeide/plugins/com.st.stm32cube.ide.mcu.externaltools.gnu-tools-for-stm32.10.3-2021.10.win32_1.0.200.202301161003/tools/bin/../lib/gcc/arm-none-eabi/10.3.1/thumb/v7e-m+fp/hard/crtbegin.o
                [!provide]                        PROVIDE (__fini_array_end = .)
                0x00000000080026e8                . = ALIGN (0x4)
                0x00000000080026e8                _sidata = LOADADDR (.data)

.data           0x0000000020000000        0xc load address 0x00000000080026e8
                0x0000000020000000                . = ALIGN (0x4)
                0x0000000020000000                _sdata = .
 *(.data)
 *(.data*)
 .data.SystemCoreClock
                0x0000000020000000        0x4 ./Core/Src/system_stm32f4xx.o
                0x0000000020000000                SystemCoreClock
 .data.uwTickPrio
                0x0000000020000004        0x4 ./Drivers/STM32F4xx_HAL_Driver/Src/stm32f4xx_hal.o
                0x0000000020000004                uwTickPrio
 .data.uwTickFreq
                0x0000000020000008        0x1 ./Drivers/STM32F4xx_HAL_Driver/Src/stm32f4xx_hal.o
                0x0000000020000008                uwTickFreq
 *(.RamFunc)
 *(.RamFunc*)
                0x000000002000000c                . = ALIGN (0x4)
 *fill*         0x0000000020000009        0x3 
                0x000000002000000c                _edata = .
                0x00000000080026f4                _siccmram = LOADADDR (.ccmram)

.igot.plt       0x000000002000000c        0x0 load address 0x00000000080026f4
 .igot.plt      0x000000002000000c        0x0 e:/software/stm32cubeide_1.12.0/stm32cubeide/plugins/com.st.stm32cube.ide.mcu.externaltools.gnu-tools-for-stm32.10.3-2021.10.win32_1.0.200.202301161003/tools/bin/../lib/gcc/arm-none-eabi/10.3.1/thumb/v7e-m+fp/hard/crtbegin.o

.ccmram         0x0000000010000000        0x0 load address 0x00000000080026f4
                0x0000000010000000                . = ALIGN (0x4)
                0x0000000010000000                _sccmram = .
 *(.ccmram)
 *(.ccmram*)
                0x0000000010000000                . = ALIGN (0x4)
                0x0000000010000000                _eccmram = .
                0x0000000010000000                . = ALIGN (0x4)

.bss            0x000000002000000c      0x114
                0x000000002000000c                _sbss = .
                0x000000002000000c                __bss_start__ = _sbss
 *(.bss)
 .bss           0x000000002000000c       0x1c e:/software/stm32cubeide_1.12.0/stm32cubeide/plugins/com.st.stm32cube.ide.mcu.externaltools.gnu-tools-for-stm32.10.3-2021.10.win32_1.0.200.202301161003/tools/bin/../lib/gcc/arm-none-eabi/10.3.1/thumb/v7e-m+fp/hard/crtbegin.o
 *(.bss*)
 .bss.hi2c1     0x0000000020000028       0x54 ./Core/Src/i2c.o
                0x0000000020000028                hi2c1
 .bss.hspi1     0x000000002000007c       0x58 ./Core/Src/spi.o
                0x000000002000007c                hspi1
 .bss.htim1     0x00000000200000d4       0x48 ./Core/Src/tim.o
                0x00000000200000d4                htim1
 .bss.uwTick    0x000000002000011c        0x4 ./Drivers/STM32F4xx_HAL_Driver/Src/stm32f4xx_hal.o
                0x000000002000011c                uwTick
 *(COMMON)
                0x0000000020000120                . = ALIGN (0x4)
                0x0000000020000120                _ebss = .
                0x0000000020000120                __bss_end__ = _ebss

._user_heap_stack
                0x0000000020000120      0x600
                0x0000000020000120                . = ALIGN (0x8)
                [!provide]                        PROVIDE (end = .)
                0x0000000020000120                PROVIDE (_end = .)
                0x0000000020000320                . = (. + _Min_Heap_Size)
 *fill*         0x0000000020000120      0x200 
                0x0000000020000720                . = (. + _Min_Stack_Size)
 *fill*         0x0000000020000320      0x400 
                0x0000000020000720                . = ALIGN (0x8)

/DISCARD/
 libc.a(*)
 libm.a(*)
 libgcc.a(*)

.ARM.attributes
                0x0000000000000000       0x30
 *(.ARM.attributes)
 .ARM.attributes
                0x0000000000000000       0x1e e:/software/stm32cubeide_1.12.0/stm32cubeide/plugins/com.st.stm32cube.ide.mcu.externaltools.gnu-tools-for-stm32.10.3-2021.10.win32_1.0.200.202301161003/tools/bin/../lib/gcc/arm-none-eabi/10.3.1/thumb/v7e-m+fp/hard/crti.o
 .ARM.attributes
                0x000000000000001e       0x34 e:/software/stm32cubeide_1.12.0/stm32cubeide/plugins/com.st.stm32cube.ide.mcu.externaltools.gnu-tools-for-stm32.10.3-2021.10.win32_1.0.200.202301161003/tools/bin/../lib/gcc/arm-none-eabi/10.3.1/thumb/v7e-m+fp/hard/crtbegin.o
 .ARM.attributes
                0x0000000000000052       0x34 ./Core/Src/gpio.o
 .ARM.attributes
                0x0000000000000086       0x34 ./Core/Src/i2c.o
 .ARM.attributes
                0x00000000000000ba       0x34 ./Core/Src/main.o
 .ARM.attributes
                0x00000000000000ee       0x34 ./Core/Src/spi.o
 .ARM.attributes
                0x0000000000000122       0x34 ./Core/Src/stm32f4xx_hal_msp.o
 .ARM.attributes
                0x0000000000000156       0x34 ./Core/Src/stm32f4xx_it.o
 .ARM.attributes
                0x000000000000018a       0x34 ./Core/Src/system_stm32f4xx.o
 .ARM.attributes
                0x00000000000001be       0x34 ./Core/Src/tim.o
 .ARM.attributes
                0x00000000000001f2       0x21 ./Core/Startup/startup_stm32f407zgtx.o
 .ARM.attributes
                0x0000000000000213       0x34 ./Drivers/STM32F4xx_HAL_Driver/Src/stm32f4xx_hal.o
 .ARM.attributes
                0x0000000000000247       0x34 ./Drivers/STM32F4xx_HAL_Driver/Src/stm32f4xx_hal_cortex.o
 .ARM.attributes
                0x000000000000027b       0x34 ./Drivers/STM32F4xx_HAL_Driver/Src/stm32f4xx_hal_gpio.o
 .ARM.attributes
                0x00000000000002af       0x34 ./Drivers/STM32F4xx_HAL_Driver/Src/stm32f4xx_hal_i2c.o
 .ARM.attributes
                0x00000000000002e3       0x34 ./Drivers/STM32F4xx_HAL_Driver/Src/stm32f4xx_hal_rcc.o
 .ARM.attributes
                0x0000000000000317       0x34 ./Drivers/STM32F4xx_HAL_Driver/Src/stm32f4xx_hal_spi.o
 .ARM.attributes
                0x000000000000034b       0x34 ./Drivers/STM32F4xx_HAL_Driver/Src/stm32f4xx_hal_tim.o
 .ARM.attributes
                0x000000000000037f       0x34 ./Drivers/STM32F4xx_HAL_Driver/Src/stm32f4xx_hal_tim_ex.o
 .ARM.attributes
                0x00000000000003b3       0x34 e:/software/stm32cubeide_1.12.0/stm32cubeide/plugins/com.st.stm32cube.ide.mcu.externaltools.gnu-tools-for-stm32.10.3-2021.10.win32_1.0.200.202301161003/tools/bin/../lib/gcc/arm-none-eabi/10.3.1/../../../../arm-none-eabi/lib/thumb/v7e-m+fp/hard\libc_nano.a(lib_a-init.o)
 .ARM.attributes
                0x00000000000003e7       0x34 e:/software/stm32cubeide_1.12.0/stm32cubeide/plugins/com.st.stm32cube.ide.mcu.externaltools.gnu-tools-for-stm32.10.3-2021.10.win32_1.0.200.202301161003/tools/bin/../lib/gcc/arm-none-eabi/10.3.1/../../../../arm-none-eabi/lib/thumb/v7e-m+fp/hard\libc_nano.a(lib_a-memset.o)
 .ARM.attributes
                0x000000000000041b       0x1e e:/software/stm32cubeide_1.12.0/stm32cubeide/plugins/com.st.stm32cube.ide.mcu.externaltools.gnu-tools-for-stm32.10.3-2021.10.win32_1.0.200.202301161003/tools/bin/../lib/gcc/arm-none-eabi/10.3.1/thumb/v7e-m+fp/hard\libgcc.a(_aeabi_uldivmod.o)
 .ARM.attributes
                0x0000000000000439       0x34 e:/software/stm32cubeide_1.12.0/stm32cubeide/plugins/com.st.stm32cube.ide.mcu.externaltools.gnu-tools-for-stm32.10.3-2021.10.win32_1.0.200.202301161003/tools/bin/../lib/gcc/arm-none-eabi/10.3.1/thumb/v7e-m+fp/hard\libgcc.a(_udivmoddi4.o)
 .ARM.attributes
                0x000000000000046d       0x1e e:/software/stm32cubeide_1.12.0/stm32cubeide/plugins/com.st.stm32cube.ide.mcu.externaltools.gnu-tools-for-stm32.10.3-2021.10.win32_1.0.200.202301161003/tools/bin/../lib/gcc/arm-none-eabi/10.3.1/thumb/v7e-m+fp/hard\libgcc.a(_dvmd_tls.o)
 .ARM.attributes
                0x000000000000048b       0x1e e:/software/stm32cubeide_1.12.0/stm32cubeide/plugins/com.st.stm32cube.ide.mcu.externaltools.gnu-tools-for-stm32.10.3-2021.10.win32_1.0.200.202301161003/tools/bin/../lib/gcc/arm-none-eabi/10.3.1/thumb/v7e-m+fp/hard/crtn.o
OUTPUT(EX_pidTest_F407ZGT6_Hollies.elf elf32-littlearm)
LOAD linker stubs
LOAD e:/software/stm32cubeide_1.12.0/stm32cubeide/plugins/com.st.stm32cube.ide.mcu.externaltools.gnu-tools-for-stm32.10.3-2021.10.win32_1.0.200.202301161003/tools/bin/../lib/gcc/arm-none-eabi/10.3.1/../../../../arm-none-eabi/lib/thumb/v7e-m+fp/hard\libc.a
LOAD e:/software/stm32cubeide_1.12.0/stm32cubeide/plugins/com.st.stm32cube.ide.mcu.externaltools.gnu-tools-for-stm32.10.3-2021.10.win32_1.0.200.202301161003/tools/bin/../lib/gcc/arm-none-eabi/10.3.1/../../../../arm-none-eabi/lib/thumb/v7e-m+fp/hard\libm.a
LOAD e:/software/stm32cubeide_1.12.0/stm32cubeide/plugins/com.st.stm32cube.ide.mcu.externaltools.gnu-tools-for-stm32.10.3-2021.10.win32_1.0.200.202301161003/tools/bin/../lib/gcc/arm-none-eabi/10.3.1/thumb/v7e-m+fp/hard\libgcc.a

.debug_info     0x0000000000000000     0xe092
 .debug_info    0x0000000000000000      0x48e ./Core/Src/gpio.o
 .debug_info    0x000000000000048e      0xa0e ./Core/Src/i2c.o
 .debug_info    0x0000000000000e9c      0x528 ./Core/Src/main.o
 .debug_info    0x00000000000013c4      0x9eb ./Core/Src/spi.o
 .debug_info    0x0000000000001daf      0x2a8 ./Core/Src/stm32f4xx_hal_msp.o
 .debug_info    0x0000000000002057      0x736 ./Core/Src/stm32f4xx_it.o
 .debug_info    0x000000000000278d      0x523 ./Core/Src/system_stm32f4xx.o
 .debug_info    0x0000000000002cb0      0xc5a ./Core/Src/tim.o
 .debug_info    0x000000000000390a       0x22 ./Core/Startup/startup_stm32f407zgtx.o
 .debug_info    0x000000000000392c      0x97c ./Drivers/STM32F4xx_HAL_Driver/Src/stm32f4xx_hal.o
 .debug_info    0x00000000000042a8      0xe1b ./Drivers/STM32F4xx_HAL_Driver/Src/stm32f4xx_hal_cortex.o
 .debug_info    0x00000000000050c3      0x76a ./Drivers/STM32F4xx_HAL_Driver/Src/stm32f4xx_hal_gpio.o
 .debug_info    0x000000000000582d     0x2609 ./Drivers/STM32F4xx_HAL_Driver/Src/stm32f4xx_hal_i2c.o
 .debug_info    0x0000000000007e36      0x966 ./Drivers/STM32F4xx_HAL_Driver/Src/stm32f4xx_hal_rcc.o
 .debug_info    0x000000000000879c     0x1758 ./Drivers/STM32F4xx_HAL_Driver/Src/stm32f4xx_hal_spi.o
 .debug_info    0x0000000000009ef4     0x2bbe ./Drivers/STM32F4xx_HAL_Driver/Src/stm32f4xx_hal_tim.o
 .debug_info    0x000000000000cab2     0x15e0 ./Drivers/STM32F4xx_HAL_Driver/Src/stm32f4xx_hal_tim_ex.o

.debug_abbrev   0x0000000000000000     0x1f8a
 .debug_abbrev  0x0000000000000000      0x146 ./Core/Src/gpio.o
 .debug_abbrev  0x0000000000000146      0x1e0 ./Core/Src/i2c.o
 .debug_abbrev  0x0000000000000326      0x1cc ./Core/Src/main.o
 .debug_abbrev  0x00000000000004f2      0x1e0 ./Core/Src/spi.o
 .debug_abbrev  0x00000000000006d2       0xd4 ./Core/Src/stm32f4xx_hal_msp.o
 .debug_abbrev  0x00000000000007a6      0x184 ./Core/Src/stm32f4xx_it.o
 .debug_abbrev  0x000000000000092a      0x116 ./Core/Src/system_stm32f4xx.o
 .debug_abbrev  0x0000000000000a40      0x1e0 ./Core/Src/tim.o
 .debug_abbrev  0x0000000000000c20       0x12 ./Core/Startup/startup_stm32f407zgtx.o
 .debug_abbrev  0x0000000000000c32      0x20d ./Drivers/STM32F4xx_HAL_Driver/Src/stm32f4xx_hal.o
 .debug_abbrev  0x0000000000000e3f      0x316 ./Drivers/STM32F4xx_HAL_Driver/Src/stm32f4xx_hal_cortex.o
 .debug_abbrev  0x0000000000001155      0x1c4 ./Drivers/STM32F4xx_HAL_Driver/Src/stm32f4xx_hal_gpio.o
 .debug_abbrev  0x0000000000001319      0x297 ./Drivers/STM32F4xx_HAL_Driver/Src/stm32f4xx_hal_i2c.o
 .debug_abbrev  0x00000000000015b0      0x2aa ./Drivers/STM32F4xx_HAL_Driver/Src/stm32f4xx_hal_rcc.o
 .debug_abbrev  0x000000000000185a      0x26e ./Drivers/STM32F4xx_HAL_Driver/Src/stm32f4xx_hal_spi.o
 .debug_abbrev  0x0000000000001ac8      0x25d ./Drivers/STM32F4xx_HAL_Driver/Src/stm32f4xx_hal_tim.o
 .debug_abbrev  0x0000000000001d25      0x265 ./Drivers/STM32F4xx_HAL_Driver/Src/stm32f4xx_hal_tim_ex.o

.debug_aranges  0x0000000000000000      0xe48
 .debug_aranges
                0x0000000000000000       0x20 ./Core/Src/gpio.o
 .debug_aranges
                0x0000000000000020       0x30 ./Core/Src/i2c.o
 .debug_aranges
                0x0000000000000050       0x30 ./Core/Src/main.o
 .debug_aranges
                0x0000000000000080       0x30 ./Core/Src/spi.o
 .debug_aranges
                0x00000000000000b0       0x20 ./Core/Src/stm32f4xx_hal_msp.o
 .debug_aranges
                0x00000000000000d0       0x68 ./Core/Src/stm32f4xx_it.o
 .debug_aranges
                0x0000000000000138       0x28 ./Core/Src/system_stm32f4xx.o
 .debug_aranges
                0x0000000000000160       0x30 ./Core/Src/tim.o
 .debug_aranges
                0x0000000000000190       0x28 ./Core/Startup/startup_stm32f407zgtx.o
 .debug_aranges
                0x00000000000001b8       0xf0 ./Drivers/STM32F4xx_HAL_Driver/Src/stm32f4xx_hal.o
 .debug_aranges
                0x00000000000002a8      0x118 ./Drivers/STM32F4xx_HAL_Driver/Src/stm32f4xx_hal_cortex.o
 .debug_aranges
                0x00000000000003c0       0x58 ./Drivers/STM32F4xx_HAL_Driver/Src/stm32f4xx_hal_gpio.o
 .debug_aranges
                0x0000000000000418      0x2a0 ./Drivers/STM32F4xx_HAL_Driver/Src/stm32f4xx_hal_i2c.o
 .debug_aranges
                0x00000000000006b8       0x88 ./Drivers/STM32F4xx_HAL_Driver/Src/stm32f4xx_hal_rcc.o
 .debug_aranges
                0x0000000000000740      0x1d0 ./Drivers/STM32F4xx_HAL_Driver/Src/stm32f4xx_hal_spi.o
 .debug_aranges
                0x0000000000000910      0x3d0 ./Drivers/STM32F4xx_HAL_Driver/Src/stm32f4xx_hal_tim.o
 .debug_aranges
                0x0000000000000ce0      0x168 ./Drivers/STM32F4xx_HAL_Driver/Src/stm32f4xx_hal_tim_ex.o

.debug_ranges   0x0000000000000000      0xd58
 .debug_ranges  0x0000000000000000       0x10 ./Core/Src/gpio.o
 .debug_ranges  0x0000000000000010       0x20 ./Core/Src/i2c.o
 .debug_ranges  0x0000000000000030       0x20 ./Core/Src/main.o
 .debug_ranges  0x0000000000000050       0x20 ./Core/Src/spi.o
 .debug_ranges  0x0000000000000070       0x10 ./Core/Src/stm32f4xx_hal_msp.o
 .debug_ranges  0x0000000000000080       0x58 ./Core/Src/stm32f4xx_it.o
 .debug_ranges  0x00000000000000d8       0x18 ./Core/Src/system_stm32f4xx.o
 .debug_ranges  0x00000000000000f0       0x20 ./Core/Src/tim.o
 .debug_ranges  0x0000000000000110       0x20 ./Core/Startup/startup_stm32f407zgtx.o
 .debug_ranges  0x0000000000000130       0xe0 ./Drivers/STM32F4xx_HAL_Driver/Src/stm32f4xx_hal.o
 .debug_ranges  0x0000000000000210      0x108 ./Drivers/STM32F4xx_HAL_Driver/Src/stm32f4xx_hal_cortex.o
 .debug_ranges  0x0000000000000318       0x48 ./Drivers/STM32F4xx_HAL_Driver/Src/stm32f4xx_hal_gpio.o
 .debug_ranges  0x0000000000000360      0x2a8 ./Drivers/STM32F4xx_HAL_Driver/Src/stm32f4xx_hal_i2c.o
 .debug_ranges  0x0000000000000608       0x78 ./Drivers/STM32F4xx_HAL_Driver/Src/stm32f4xx_hal_rcc.o
 .debug_ranges  0x0000000000000680      0x1c0 ./Drivers/STM32F4xx_HAL_Driver/Src/stm32f4xx_hal_spi.o
 .debug_ranges  0x0000000000000840      0x3c0 ./Drivers/STM32F4xx_HAL_Driver/Src/stm32f4xx_hal_tim.o
 .debug_ranges  0x0000000000000c00      0x158 ./Drivers/STM32F4xx_HAL_Driver/Src/stm32f4xx_hal_tim_ex.o

.debug_macro    0x0000000000000000    0x20d5f
 .debug_macro   0x0000000000000000      0x201 ./Core/Src/gpio.o
 .debug_macro   0x0000000000000201      0xa78 ./Core/Src/gpio.o
 .debug_macro   0x0000000000000c79      0x2a1 ./Core/Src/gpio.o
 .debug_macro   0x0000000000000f1a       0x2e ./Core/Src/gpio.o
 .debug_macro   0x0000000000000f48       0x2f ./Core/Src/gpio.o
 .debug_macro   0x0000000000000f77       0x22 ./Core/Src/gpio.o
 .debug_macro   0x0000000000000f99       0x8e ./Core/Src/gpio.o
 .debug_macro   0x0000000000001027       0x51 ./Core/Src/gpio.o
 .debug_macro   0x0000000000001078      0x103 ./Core/Src/gpio.o
 .debug_macro   0x000000000000117b       0x6a ./Core/Src/gpio.o
 .debug_macro   0x00000000000011e5      0x1df ./Core/Src/gpio.o
 .debug_macro   0x00000000000013c4       0x1c ./Core/Src/gpio.o
 .debug_macro   0x00000000000013e0       0x22 ./Core/Src/gpio.o
 .debug_macro   0x0000000000001402       0xd9 ./Core/Src/gpio.o
 .debug_macro   0x00000000000014db     0x102d ./Core/Src/gpio.o
 .debug_macro   0x0000000000002508      0x11f ./Core/Src/gpio.o
 .debug_macro   0x0000000000002627    0x15e82 ./Core/Src/gpio.o
 .debug_macro   0x00000000000184a9       0x6d ./Core/Src/gpio.o
 .debug_macro   0x0000000000018516     0x367e ./Core/Src/gpio.o
 .debug_macro   0x000000000001bb94      0x174 ./Core/Src/gpio.o
 .debug_macro   0x000000000001bd08       0x5c ./Core/Src/gpio.o
 .debug_macro   0x000000000001bd64      0x96b ./Core/Src/gpio.o
 .debug_macro   0x000000000001c6cf      0x9fe ./Core/Src/gpio.o
 .debug_macro   0x000000000001d0cd      0x115 ./Core/Src/gpio.o
 .debug_macro   0x000000000001d1e2      0x13e ./Core/Src/gpio.o
 .debug_macro   0x000000000001d320       0xa5 ./Core/Src/gpio.o
 .debug_macro   0x000000000001d3c5      0x174 ./Core/Src/gpio.o
 .debug_macro   0x000000000001d539      0x287 ./Core/Src/gpio.o
 .debug_macro   0x000000000001d7c0       0x5f ./Core/Src/gpio.o
 .debug_macro   0x000000000001d81f      0x236 ./Core/Src/gpio.o
 .debug_macro   0x000000000001da55      0x12c ./Core/Src/gpio.o
 .debug_macro   0x000000000001db81      0x21e ./Core/Src/gpio.o
 .debug_macro   0x000000000001dd9f       0x2e ./Core/Src/gpio.o
 .debug_macro   0x000000000001ddcd      0x1b5 ./Core/Src/gpio.o
 .debug_macro   0x000000000001df82       0xd6 ./Core/Src/gpio.o
 .debug_macro   0x000000000001e058      0x11a ./Core/Src/gpio.o
 .debug_macro   0x000000000001e172       0x7e ./Core/Src/gpio.o
 .debug_macro   0x000000000001e1f0       0x89 ./Core/Src/gpio.o
 .debug_macro   0x000000000001e279      0x225 ./Core/Src/gpio.o
 .debug_macro   0x000000000001e49e      0x8e6 ./Core/Src/gpio.o
 .debug_macro   0x000000000001ed84       0x47 ./Core/Src/gpio.o
 .debug_macro   0x000000000001edcb      0x12d ./Core/Src/gpio.o
 .debug_macro   0x000000000001eef8       0x40 ./Core/Src/gpio.o
 .debug_macro   0x000000000001ef38      0x201 ./Core/Src/i2c.o
 .debug_macro   0x000000000001f139      0x223 ./Core/Src/main.o
 .debug_macro   0x000000000001f35c      0x201 ./Core/Src/spi.o
 .debug_macro   0x000000000001f55d      0x1f7 ./Core/Src/stm32f4xx_hal_msp.o
 .debug_macro   0x000000000001f754      0x201 ./Core/Src/stm32f4xx_it.o
 .debug_macro   0x000000000001f955      0x1e8 ./Core/Src/system_stm32f4xx.o
 .debug_macro   0x000000000001fb3d      0x201 ./Core/Src/tim.o
 .debug_macro   0x000000000001fd3e      0x248 ./Drivers/STM32F4xx_HAL_Driver/Src/stm32f4xx_hal.o
 .debug_macro   0x000000000001ff86      0x1e8 ./Drivers/STM32F4xx_HAL_Driver/Src/stm32f4xx_hal_cortex.o
 .debug_macro   0x000000000002016e      0x1ee ./Drivers/STM32F4xx_HAL_Driver/Src/stm32f4xx_hal_gpio.o
 .debug_macro   0x000000000002035c      0x22f ./Drivers/STM32F4xx_HAL_Driver/Src/stm32f4xx_hal_i2c.o
 .debug_macro   0x000000000002058b      0x20c ./Drivers/STM32F4xx_HAL_Driver/Src/stm32f4xx_hal_rcc.o
 .debug_macro   0x0000000000020797      0x1f7 ./Drivers/STM32F4xx_HAL_Driver/Src/stm32f4xx_hal_spi.o
 .debug_macro   0x000000000002098e      0x1e9 ./Drivers/STM32F4xx_HAL_Driver/Src/stm32f4xx_hal_tim.o
 .debug_macro   0x0000000000020b77      0x1e8 ./Drivers/STM32F4xx_HAL_Driver/Src/stm32f4xx_hal_tim_ex.o

.debug_line     0x0000000000000000    0x112b2
 .debug_line    0x0000000000000000      0x738 ./Core/Src/gpio.o
 .debug_line    0x0000000000000738      0x775 ./Core/Src/i2c.o
 .debug_line    0x0000000000000ead      0x7a1 ./Core/Src/main.o
 .debug_line    0x000000000000164e      0x77d ./Core/Src/spi.o
 .debug_line    0x0000000000001dcb      0x70b ./Core/Src/stm32f4xx_hal_msp.o
 .debug_line    0x00000000000024d6      0x7e6 ./Core/Src/stm32f4xx_it.o
 .debug_line    0x0000000000002cbc      0x78d ./Core/Src/system_stm32f4xx.o
 .debug_line    0x0000000000003449      0x77a ./Core/Src/tim.o
 .debug_line    0x0000000000003bc3       0x88 ./Core/Startup/startup_stm32f407zgtx.o
 .debug_line    0x0000000000003c4b      0x9f3 ./Drivers/STM32F4xx_HAL_Driver/Src/stm32f4xx_hal.o
 .debug_line    0x000000000000463e      0xca2 ./Drivers/STM32F4xx_HAL_Driver/Src/stm32f4xx_hal_cortex.o
 .debug_line    0x00000000000052e0      0xb67 ./Drivers/STM32F4xx_HAL_Driver/Src/stm32f4xx_hal_gpio.o
 .debug_line    0x0000000000005e47     0x39a8 ./Drivers/STM32F4xx_HAL_Driver/Src/stm32f4xx_hal_i2c.o
 .debug_line    0x00000000000097ef      0xd6f ./Drivers/STM32F4xx_HAL_Driver/Src/stm32f4xx_hal_rcc.o
 .debug_line    0x000000000000a55e     0x1c7d ./Drivers/STM32F4xx_HAL_Driver/Src/stm32f4xx_hal_spi.o
 .debug_line    0x000000000000c1db     0x36e7 ./Drivers/STM32F4xx_HAL_Driver/Src/stm32f4xx_hal_tim.o
 .debug_line    0x000000000000f8c2     0x19f0 ./Drivers/STM32F4xx_HAL_Driver/Src/stm32f4xx_hal_tim_ex.o

.debug_str      0x0000000000000000    0xc8a8c
 .debug_str     0x0000000000000000    0xc4769 ./Core/Src/gpio.o
                                      0xc49e2 (size before relaxing)
 .debug_str     0x00000000000c4769      0x533 ./Core/Src/i2c.o
                                      0xc4f11 (size before relaxing)
 .debug_str     0x00000000000c4c9c      0x1ad ./Core/Src/main.o
                                      0xc4b26 (size before relaxing)
 .debug_str     0x00000000000c4e49      0x1f9 ./Core/Src/spi.o
                                      0xc4e6e (size before relaxing)
 .debug_str     0x00000000000c5042       0x2c ./Core/Src/stm32f4xx_hal_msp.o
                                      0xc4917 (size before relaxing)
 .debug_str     0x00000000000c506e      0x364 ./Core/Src/stm32f4xx_it.o
                                      0xc4e04 (size before relaxing)
 .debug_str     0x00000000000c53d2       0xdb ./Core/Src/system_stm32f4xx.o
                                      0xc48d1 (size before relaxing)
 .debug_str     0x00000000000c54ad      0x653 ./Core/Src/tim.o
                                      0xc54ec (size before relaxing)
 .debug_str     0x00000000000c5b00       0x36 ./Core/Startup/startup_stm32f407zgtx.o
                                         0x72 (size before relaxing)
 .debug_str     0x00000000000c5b36      0x60d ./Drivers/STM32F4xx_HAL_Driver/Src/stm32f4xx_hal.o
                                      0xc5455 (size before relaxing)
 .debug_str     0x00000000000c6143      0x32d ./Drivers/STM32F4xx_HAL_Driver/Src/stm32f4xx_hal_cortex.o
                                      0xc5188 (size before relaxing)
 .debug_str     0x00000000000c6470      0x121 ./Drivers/STM32F4xx_HAL_Driver/Src/stm32f4xx_hal_gpio.o
                                      0xc4a4c (size before relaxing)
 .debug_str     0x00000000000c6591      0xb0f ./Drivers/STM32F4xx_HAL_Driver/Src/stm32f4xx_hal_i2c.o
                                      0xc589c (size before relaxing)
 .debug_str     0x00000000000c70a0      0x213 ./Drivers/STM32F4xx_HAL_Driver/Src/stm32f4xx_hal_rcc.o
                                      0xc4d05 (size before relaxing)
 .debug_str     0x00000000000c72b3      0x565 ./Drivers/STM32F4xx_HAL_Driver/Src/stm32f4xx_hal_spi.o
                                      0xc5195 (size before relaxing)
 .debug_str     0x00000000000c7818      0xde1 ./Drivers/STM32F4xx_HAL_Driver/Src/stm32f4xx_hal_tim.o
                                      0xc5c4b (size before relaxing)
 .debug_str     0x00000000000c85f9      0x493 ./Drivers/STM32F4xx_HAL_Driver/Src/stm32f4xx_hal_tim_ex.o
                                      0xc5467 (size before relaxing)

.comment        0x0000000000000000       0x50
 .comment       0x0000000000000000       0x50 ./Core/Src/gpio.o
                                         0x51 (size before relaxing)
 .comment       0x0000000000000050       0x51 ./Core/Src/i2c.o
 .comment       0x0000000000000050       0x51 ./Core/Src/main.o
 .comment       0x0000000000000050       0x51 ./Core/Src/spi.o
 .comment       0x0000000000000050       0x51 ./Core/Src/stm32f4xx_hal_msp.o
 .comment       0x0000000000000050       0x51 ./Core/Src/stm32f4xx_it.o
 .comment       0x0000000000000050       0x51 ./Core/Src/system_stm32f4xx.o
 .comment       0x0000000000000050       0x51 ./Core/Src/tim.o
 .comment       0x0000000000000050       0x51 ./Drivers/STM32F4xx_HAL_Driver/Src/stm32f4xx_hal.o
 .comment       0x0000000000000050       0x51 ./Drivers/STM32F4xx_HAL_Driver/Src/stm32f4xx_hal_cortex.o
 .comment       0x0000000000000050       0x51 ./Drivers/STM32F4xx_HAL_Driver/Src/stm32f4xx_hal_gpio.o
 .comment       0x0000000000000050       0x51 ./Drivers/STM32F4xx_HAL_Driver/Src/stm32f4xx_hal_i2c.o
 .comment       0x0000000000000050       0x51 ./Drivers/STM32F4xx_HAL_Driver/Src/stm32f4xx_hal_rcc.o
 .comment       0x0000000000000050       0x51 ./Drivers/STM32F4xx_HAL_Driver/Src/stm32f4xx_hal_spi.o
 .comment       0x0000000000000050       0x51 ./Drivers/STM32F4xx_HAL_Driver/Src/stm32f4xx_hal_tim.o
 .comment       0x0000000000000050       0x51 ./Drivers/STM32F4xx_HAL_Driver/Src/stm32f4xx_hal_tim_ex.o

.debug_frame    0x0000000000000000     0x3c24
 .debug_frame   0x0000000000000000       0x34 ./Core/Src/gpio.o
 .debug_frame   0x0000000000000034       0x74 ./Core/Src/i2c.o
 .debug_frame   0x00000000000000a8       0x68 ./Core/Src/main.o
 .debug_frame   0x0000000000000110       0x74 ./Core/Src/spi.o
 .debug_frame   0x0000000000000184       0x38 ./Core/Src/stm32f4xx_hal_msp.o
 .debug_frame   0x00000000000001bc      0x120 ./Core/Src/stm32f4xx_it.o
 .debug_frame   0x00000000000002dc       0x58 ./Core/Src/system_stm32f4xx.o
 .debug_frame   0x0000000000000334       0x7c ./Core/Src/tim.o
 .debug_frame   0x00000000000003b0      0x374 ./Drivers/STM32F4xx_HAL_Driver/Src/stm32f4xx_hal.o
 .debug_frame   0x0000000000000724      0x498 ./Drivers/STM32F4xx_HAL_Driver/Src/stm32f4xx_hal_cortex.o
 .debug_frame   0x0000000000000bbc      0x14c ./Drivers/STM32F4xx_HAL_Driver/Src/stm32f4xx_hal_gpio.o
 .debug_frame   0x0000000000000d08      0xc5c ./Drivers/STM32F4xx_HAL_Driver/Src/stm32f4xx_hal_i2c.o
 .debug_frame   0x0000000000001964      0x1f4 ./Drivers/STM32F4xx_HAL_Driver/Src/stm32f4xx_hal_rcc.o
 .debug_frame   0x0000000000001b58      0x824 ./Drivers/STM32F4xx_HAL_Driver/Src/stm32f4xx_hal_spi.o
 .debug_frame   0x000000000000237c     0x11c4 ./Drivers/STM32F4xx_HAL_Driver/Src/stm32f4xx_hal_tim.o
 .debug_frame   0x0000000000003540      0x638 ./Drivers/STM32F4xx_HAL_Driver/Src/stm32f4xx_hal_tim_ex.o
 .debug_frame   0x0000000000003b78       0x2c e:/software/stm32cubeide_1.12.0/stm32cubeide/plugins/com.st.stm32cube.ide.mcu.externaltools.gnu-tools-for-stm32.10.3-2021.10.win32_1.0.200.202301161003/tools/bin/../lib/gcc/arm-none-eabi/10.3.1/../../../../arm-none-eabi/lib/thumb/v7e-m+fp/hard\libc_nano.a(lib_a-init.o)
 .debug_frame   0x0000000000003ba4       0x20 e:/software/stm32cubeide_1.12.0/stm32cubeide/plugins/com.st.stm32cube.ide.mcu.externaltools.gnu-tools-for-stm32.10.3-2021.10.win32_1.0.200.202301161003/tools/bin/../lib/gcc/arm-none-eabi/10.3.1/../../../../arm-none-eabi/lib/thumb/v7e-m+fp/hard\libc_nano.a(lib_a-memset.o)
 .debug_frame   0x0000000000003bc4       0x2c e:/software/stm32cubeide_1.12.0/stm32cubeide/plugins/com.st.stm32cube.ide.mcu.externaltools.gnu-tools-for-stm32.10.3-2021.10.win32_1.0.200.202301161003/tools/bin/../lib/gcc/arm-none-eabi/10.3.1/thumb/v7e-m+fp/hard\libgcc.a(_aeabi_uldivmod.o)
 .debug_frame   0x0000000000003bf0       0x34 e:/software/stm32cubeide_1.12.0/stm32cubeide/plugins/com.st.stm32cube.ide.mcu.externaltools.gnu-tools-for-stm32.10.3-2021.10.win32_1.0.200.202301161003/tools/bin/../lib/gcc/arm-none-eabi/10.3.1/thumb/v7e-m+fp/hard\libgcc.a(_udivmoddi4.o)
