../Core/Src/stm32f4xx_hal_msp.c:65:6:HAL_MspInit	8	static
../Core/Src/stm32f4xx_hal_msp.c:87:6:HAL_I2C_MspInit	56	static
../Core/Src/stm32f4xx_hal_msp.c:147:6:HAL_I2C_MspDeInit	8	static
../Core/Src/stm32f4xx_hal_msp.c:198:6:HAL_SPI_MspInit	40	static
../Core/Src/stm32f4xx_hal_msp.c:235:6:HAL_SPI_MspDeInit	0	static
../Core/Src/stm32f4xx_hal_msp.c:265:6:HAL_TIM_Base_MspInit	16	static
../Core/Src/stm32f4xx_hal_msp.c:295:6:HAL_TIM_MspPostInit	32	static
../Core/Src/stm32f4xx_hal_msp.c:328:6:HAL_TIM_Base_MspDeInit	0	static
