../Src/main.c:77:28:_close	4	static
../Src/main.c:78:28:_lseek	4	static
../Src/main.c:79:28:_read	4	static
../Src/main.c:80:28:_write	4	static
../Src/main.c:81:28:_fstat	4	static
../Src/main.c:82:28:_getpid	4	static
../Src/main.c:83:28:_isatty	4	static
../Src/main.c:84:28:_kill	4	static
../Src/main.c:102:6:oled_Show	24	static
../Src/main.c:146:6:key_Control	8	static
../Src/main.c:156:6:circuit_Control	8	static
../Src/main.c:169:5:main	32	static,ignoring_inline_asm
../Src/main.c:304:6:SystemClock_Config	128	static
../Src/main.c:369:6:PeriphCommonClock_Config	200	static
../Src/main.c:396:6:HAL_GPIO_EXTI_Callback	48	static
../Src/main.c:465:6:MPU_Config	24	static
../Src/main.c:517:6:HAL_TIM_PeriodElapsedCallback	16	static
../Src/main.c:547:6:Error_Handler	8	static,ignoring_inline_asm
