../MyCode/oled_spi.c:17:6:OLED_WR_Byte	16	static
../MyCode/oled_spi.c:32:6:OLED_Set_Pos	16	static
../MyCode/oled_spi.c:39:6:OLED_Display_On	8	static
../MyCode/oled_spi.c:46:6:OLED_Display_Off	8	static
../MyCode/oled_spi.c:53:6:OLED_Clear	16	static
../MyCode/oled_spi.c:71:6:OLED_ShowChar	24	static
../MyCode/oled_spi.c:98:10:oled_pow	24	static
../MyCode/oled_spi.c:111:6:OLED_ShowNum	24	static
../MyCode/oled_spi.c:133:6:OLED_ShowString	24	static
../MyCode/oled_spi.c:149:6:OLED_ShowCHinese	24	static
../MyCode/oled_spi.c:166:6:OLED_DrawBMP	32	static
../MyCode/oled_spi.c:187:6:OLED_Init	8	static
