20:10:19 **** Incremental Build of configuration Debug for project Class_DCDC ****
make -j8 all 
arm-none-eabi-gcc "../Core/Src/main.c" -mcpu=cortex-m3 -std=gnu11 -g3 -DDEBUG -DUSE_HAL_DRIVER -DSTM32F103xB -c -I../Core/Inc -I../Drivers/STM32F1xx_HAL_Driver/Inc/Legacy -I../Drivers/STM32F1xx_HAL_Driver/Inc -I../Drivers/CMSIS/Device/ST/STM32F1xx/Include -I../Drivers/CMSIS/Include -I"E:/Document/STM32_Project/Class_DCDC/MyCode/include" -O0 -ffunction-sections -fdata-sections -Wall -fstack-usage -fcyclomatic-complexity -MMD -MP -MF"Core/Src/main.d" -MT"Core/Src/main.o" --specs=nano.specs -mfloat-abi=soft -mthumb -o "Core/Src/main.o"
../Core/Src/main.c: In function 'main':
../Core/Src/main.c:98:11: warning: unused variable 'str_stuff' [-Wunused-variable]
   98 |   uint8_t str_stuff[64];
      |           ^~~~~~~~~
arm-none-eabi-gcc -o "Class_DCDC.elf" @"objects.list"   -mcpu=cortex-m3 -T"E:\Document\STM32_Project\Class_DCDC\STM32F103C8TX_FLASH.ld" --specs=nosys.specs -Wl,-Map="Class_DCDC.map" -Wl,--gc-sections -static --specs=nano.specs -mfloat-abi=soft -mthumb -Wl,--start-group -lc -lm -Wl,--end-group
Finished building target: Class_DCDC.elf
 
arm-none-eabi-size   Class_DCDC.elf 
arm-none-eabi-objdump -h -S  Class_DCDC.elf  > "Class_DCDC.list"
   text	   data	    bss	    dec	    hex	filename
  13244	     20	   1872	  15136	   3b20	Class_DCDC.elf
Finished building: default.size.stdout
 
Finished building: Class_DCDC.list
 

20:10:20 Build Finished. 0 errors, 1 warnings. (took 603ms)

