12:08:23 **** Build of configuration Debug for project Class_DCDC_c6t6 ****
make -j8 all 
arm-none-eabi-gcc "../MyCode/pid/pid.c" -mcpu=cortex-m3 -std=gnu11 -g3 -DDEBUG -DUSE_HAL_DRIVER -DSTM32F103x6 -c -I../Core/Inc -I../Drivers/STM32F1xx_HAL_Driver/Inc/Legacy -I../Drivers/STM32F1xx_HAL_Driver/Inc -I../Drivers/CMSIS/Device/ST/STM32F1xx/Include -I../Drivers/CMSIS/Include -I"E:/Document/STM32_Project/Class_DCDC_c6t6/MyCode/include" -O0 -ffunction-sections -fdata-sections -Wall -fstack-usage -fcyclomatic-complexity -MMD -MP -MF"MyCode/pid/pid.d" -MT"MyCode/pid/pid.o" --specs=nano.specs -mfloat-abi=soft -mthumb -o "MyCode/pid/pid.o"
arm-none-eabi-gcc "../Core/Src/main.c" -mcpu=cortex-m3 -std=gnu11 -g3 -DDEBUG -DUSE_HAL_DRIVER -DSTM32F103x6 -c -I../Core/Inc -I../Drivers/STM32F1xx_HAL_Driver/Inc/Legacy -I../Drivers/STM32F1xx_HAL_Driver/Inc -I../Drivers/CMSIS/Device/ST/STM32F1xx/Include -I../Drivers/CMSIS/Include -I"E:/Document/STM32_Project/Class_DCDC_c6t6/MyCode/include" -O0 -ffunction-sections -fdata-sections -Wall -fstack-usage -fcyclomatic-complexity -MMD -MP -MF"Core/Src/main.d" -MT"Core/Src/main.o" --specs=nano.specs -mfloat-abi=soft -mthumb -o "Core/Src/main.o"
arm-none-eabi-gcc -o "Class_DCDC_c6t6.elf" @"objects.list"   -mcpu=cortex-m3 -T"E:\Document\STM32_Project\Class_DCDC_c6t6\STM32F103C6TX_FLASH.ld" --specs=nosys.specs -Wl,-Map="Class_DCDC_c6t6.map" -Wl,--gc-sections -static --specs=nano.specs -mfloat-abi=soft -mthumb -Wl,--start-group -lc -lm -Wl,--end-group
Finished building target: Class_DCDC_c6t6.elf
 
arm-none-eabi-size   Class_DCDC_c6t6.elf 
arm-none-eabi-objdump -h -S  Class_DCDC_c6t6.elf  > "Class_DCDC_c6t6.list"
   text	   data	    bss	    dec	    hex	filename
  21092	    188	   1884	  23164	   5a7c	Class_DCDC_c6t6.elf
Finished building: default.size.stdout
 
Finished building: Class_DCDC_c6t6.list
 

12:08:25 Build Finished. 0 errors, 0 warnings. (took 1s.609ms)

