18:01:49 **** Incremental Build of configuration Debug for project EX_pidTest_F407ZGT6_Hollies ****
make -j8 all 
arm-none-eabi-gcc "../Core/Src/main.c" -mcpu=cortex-m4 -std=gnu11 -g3 -DDEBUG -DUSE_HAL_DRIVER -DSTM32F407xx -c -I../Core/Inc -I../Drivers/STM32F4xx_HAL_Driver/Inc -I../Drivers/STM32F4xx_HAL_Driver/Inc/Legacy -I../Drivers/CMSIS/Device/ST/STM32F4xx/Include -I../Drivers/CMSIS/Include -I../MyCode/include -O0 -ffunction-sections -fdata-sections -Wall -fstack-usage -fcyclomatic-complexity -MMD -MP -MF"Core/Src/main.d" -MT"Core/Src/main.o" --specs=nano.specs -mfpu=fpv4-sp-d16 -mfloat-abi=hard -mthumb -o "Core/Src/main.o"
arm-none-eabi-gcc -o "EX_pidTest_F407ZGT6_Hollies.elf" @"objects.list"   -mcpu=cortex-m4 -T"E:\Document\STM32_Project\EX_pidTest_F407ZGT6_Hollies\STM32F407ZGTX_FLASH.ld" --specs=nosys.specs -Wl,-Map="EX_pidTest_F407ZGT6_Hollies.map" -Wl,--gc-sections -static --specs=nano.specs -mfpu=fpv4-sp-d16 -mfloat-abi=hard -mthumb -u _printf_float -Wl,--start-group -lc -lm -Wl,--end-group
Finished building target: EX_pidTest_F407ZGT6_Hollies.elf
 
arm-none-eabi-size   EX_pidTest_F407ZGT6_Hollies.elf 
arm-none-eabi-objdump -h -S  EX_pidTest_F407ZGT6_Hollies.elf  > "EX_pidTest_F407ZGT6_Hollies.list"
   text	   data	    bss	    dec	    hex	filename
  39204	    484	   2164	  41852	   a37c	EX_pidTest_F407ZGT6_Hollies.elf
Finished building: default.size.stdout
 
Finished building: EX_pidTest_F407ZGT6_Hollies.list
 
18:01:52 **** Incremental Build of configuration Debug for project EX_pidTest_F407ZGT6_Hollies ****
make -j8 all 
arm-none-eabi-size   EX_pidTest_F407ZGT6_Hollies.elf 
   text	   data	    bss	    dec	    hex	filename
  39204	    484	   2164	  41852	   a37c	EX_pidTest_F407ZGT6_Hollies.elf
Finished building: default.size.stdout
 
