18:02:11 **** Build of configuration Debug for project Repair ****
make -j8 all 
arm-none-eabi-gcc "../Core/Src/main.c" -mcpu=cortex-m4 -std=gnu11 -g3 -DDEBUG -DUSE_HAL_DRIVER -DSTM32F407xx -c -I../Core/Inc -I../Drivers/STM32F4xx_HAL_Driver/Inc -I../Drivers/STM32F4xx_HAL_Driver/Inc/Legacy -I../Drivers/CMSIS/Device/ST/STM32F4xx/Include -I../Drivers/CMSIS/Include -O0 -ffunction-sections -fdata-sections -Wall -fstack-usage -fcyclomatic-complexity -MMD -MP -MF"Core/Src/main.d" -MT"Core/Src/main.o" --specs=nano.specs -mfpu=fpv4-sp-d16 -mfloat-abi=hard -mthumb -o "Core/Src/main.o"
arm-none-eabi-gcc -o "Repair.elf" @"objects.list"   -mcpu=cortex-m4 -T"E:\Document\STM32_Project\Repair\STM32F407ZETX_FLASH.ld" --specs=nosys.specs -Wl,-Map="Repair.map" -Wl,--gc-sections -static --specs=nano.specs -mfpu=fpv4-sp-d16 -mfloat-abi=hard -mthumb -Wl,--start-group -lc -lm -Wl,--end-group
Finished building target: Repair.elf
 
arm-none-eabi-size   Repair.elf 
arm-none-eabi-objdump -h -S  Repair.elf  > "Repair.list"
   text	   data	    bss	    dec	    hex	filename
   6040	     20	   1572	   7632	   1dd0	Repair.elf
Finished building: default.size.stdout
 
Finished building: Repair.list
 

18:02:12 Build Finished. 0 errors, 0 warnings. (took 987ms)

